[     598ms] [INFO] %cDownload the React DevTools for a better development experience: https://react.dev/link/react-devtools font-weight:bold @ http://localhost:3000/_next/static/chunks/node_modules_next_dist_115brz8._.js:2477
[     617ms] [LOG] [HMR] connected @ http://localhost:3000/_next/static/chunks/node_modules_next_dist_115brz8._.js:2477
[    6701ms] [LOG] [Fast Refresh] rebuilding @ http://localhost:3000/_next/static/chunks/node_modules_next_dist_115brz8._.js:2477
[    6962ms] [LOG] [Fast Refresh] done in 361ms @ http://localhost:3000/_next/static/chunks/node_modules_next_dist_115brz8._.js:2477
[   12276ms] [LOG] [Fast Refresh] rebuilding @ http://localhost:3000/_next/static/chunks/node_modules_next_dist_115brz8._.js:2477
[   12521ms] [LOG] [Fast Refresh] done in 353ms @ http://localhost:3000/_next/static/chunks/node_modules_next_dist_115brz8._.js:2477
[   29860ms] [LOG] [Fast Refresh] rebuilding @ http://localhost:3000/_next/static/chunks/node_modules_next_dist_115brz8._.js:2477
[   29926ms] [LOG] [Fast Refresh] done in 132ms @ http://localhost:3000/_next/static/chunks/node_modules_next_dist_115brz8._.js:2477
[   40065ms] [LOG] [Fast Refresh] rebuilding @ http://localhost:3000/_next/static/chunks/node_modules_next_dist_115brz8._.js:2477
[   40127ms] [ERROR] ./components/about-section.tsx:70:10
Expected ',', got 'ident'
  68 |       begin together and the column simply runs longer.
  69 |     */}
> 70 |     <div className="grid items-start gap-14 lg:grid-cols-[1.35fr_1fr] lg:gap-20">
     |          ^^^^^^^^^
  71 |       {/*
  72 |         NO `Reveal` WRAPPER ON EITHER COLUMN — the section's anime.js recipe owns
  73 |         both entrances now.

Parsing ecmascript source code failed

Import trace:
  Server Component:
    ./components/about-section.tsx
    ./app/[locale]/page.tsx @ http://localhost:3000/_next/static/chunks/node_modules_next_dist_115brz8._.js:3318
[   40260ms] [LOG] [Fast Refresh] rebuilding @ http://localhost:3000/_next/static/chunks/node_modules_next_dist_115brz8._.js:2477
[   40262ms] [ERROR] ./components/about-section.tsx:70:10
Expected ',', got 'ident'
  68 |       begin together and the column simply runs longer.
  69 |     */}
> 70 |     <div className="grid items-start gap-14 lg:grid-cols-[1.35fr_1fr] lg:gap-20">
     |          ^^^^^^^^^
  71 |       {/*
  72 |         NO `Reveal` WRAPPER ON EITHER COLUMN — the section's anime.js recipe owns
  73 |         both entrances now.

Parsing ecmascript source code failed

Import trace:
  Server Component:
    ./components/about-section.tsx
    ./app/[locale]/page.tsx @ http://localhost:3000/_next/static/chunks/node_modules_next_dist_115brz8._.js:3318
[   40292ms] [ERROR] Failed to load resource: the server responded with a status of 500 (Internal Server Error) @ http://localhost:3000/?_rsc=yWTPUyHVHtWLudsj#section-about:0
[   40310ms] [ERROR] ./components/about-section.tsx:70:10
Expected ',', got 'ident'
  68 |       begin together and the column simply runs longer.
  69 |     */}
> 70 |     <div className="grid items-start gap-14 lg:grid-cols-[1.35fr_1fr] lg:gap-20">
     |          ^^^^^^^^^
  71 |       {/*
  72 |         NO `Reveal` WRAPPER ON EITHER COLUMN — the section's anime.js recipe owns
  73 |         both entrances now.

Parsing ecmascript source code failed

Import trace:
  Server Component:
    ./components/about-section.tsx
    ./app/[locale]/page.tsx @ http://localhost:3000/_next/static/chunks/node_modules_next_dist_115brz8._.js:3318
[   40352ms] [ERROR] Failed to load resource: the server responded with a status of 500 (Internal Server Error) @ http://localhost:3000/?_rsc=yWTPUyHVHtWLudsj#section-about:0
[   40404ms] [ERROR] ./components/about-section.tsx:70:10
Expected ',', got 'ident'
  68 |       begin together and the column simply runs longer.
  69 |     */}
> 70 |     <div className="grid items-start gap-14 lg:grid-cols-[1.35fr_1fr] lg:gap-20">
     |          ^^^^^^^^^
  71 |       {/*
  72 |         NO `Reveal` WRAPPER ON EITHER COLUMN — the section's anime.js recipe owns
  73 |         both entrances now.

Parsing ecmascript source code failed

Import trace:
  Server Component:
    ./components/about-section.tsx
    ./app/[locale]/page.tsx @ http://localhost:3000/_next/static/chunks/node_modules_next_dist_115brz8._.js:3318
[   40418ms] [LOG] [Fast Refresh] rebuilding @ http://localhost:3000/_next/static/chunks/node_modules_next_dist_115brz8._.js:2477
[   40481ms] [ERROR] ./components/about-section.tsx:70:10
Expected ',', got 'ident'
  68 |       begin together and the column simply runs longer.
  69 |     */}
> 70 |     <div className="grid items-start gap-14 lg:grid-cols-[1.35fr_1fr] lg:gap-20">
     |          ^^^^^^^^^
  71 |       {/*
  72 |         NO `Reveal` WRAPPER ON EITHER COLUMN — the section's anime.js recipe owns
  73 |         both entrances now.

Parsing ecmascript source code failed

Import trace:
  Server Component:
    ./components/about-section.tsx
    ./app/[locale]/page.tsx @ http://localhost:3000/_next/static/chunks/node_modules_next_dist_115brz8._.js:3318
[   40556ms] [ERROR] ./components/about-section.tsx:70:10
Expected ',', got 'ident'
  68 |       begin together and the column simply runs longer.
  69 |     */}
> 70 |     <div className="grid items-start gap-14 lg:grid-cols-[1.35fr_1fr] lg:gap-20">
     |          ^^^^^^^^^
  71 |       {/*
  72 |         NO `Reveal` WRAPPER ON EITHER COLUMN — the section's anime.js recipe owns
  73 |         both entrances now.

Parsing ecmascript source code failed

Import trace:
  Server Component:
    ./components/about-section.tsx
    ./app/[locale]/page.tsx @ http://localhost:3000/_next/static/chunks/node_modules_next_dist_115brz8._.js:3318
[   40618ms] [ERROR] ./components/about-section.tsx:70:10
Expected ',', got 'ident'
  68 |       begin together and the column simply runs longer.
  69 |     */}
> 70 |     <div className="grid items-start gap-14 lg:grid-cols-[1.35fr_1fr] lg:gap-20">
     |          ^^^^^^^^^
  71 |       {/*
  72 |         NO `Reveal` WRAPPER ON EITHER COLUMN — the section's anime.js recipe owns
  73 |         both entrances now.

Parsing ecmascript source code failed

Import trace:
  Server Component:
    ./components/about-section.tsx
    ./app/[locale]/page.tsx @ http://localhost:3000/_next/static/chunks/node_modules_next_dist_115brz8._.js:3318
[   40679ms] [ERROR] ./components/about-section.tsx:70:10
Expected ',', got 'ident'
  68 |       begin together and the column simply runs longer.
  69 |     */}
> 70 |     <div className="grid items-start gap-14 lg:grid-cols-[1.35fr_1fr] lg:gap-20">
     |          ^^^^^^^^^
  71 |       {/*
  72 |         NO `Reveal` WRAPPER ON EITHER COLUMN — the section's anime.js recipe owns
  73 |         both entrances now.

Parsing ecmascript source code failed

Import trace:
  Server Component:
    ./components/about-section.tsx
    ./app/[locale]/page.tsx @ http://localhost:3000/_next/static/chunks/node_modules_next_dist_115brz8._.js:3318
[   40740ms] [ERROR] ./components/about-section.tsx:70:10
Expected ',', got 'ident'
  68 |       begin together and the column simply runs longer.
  69 |     */}
> 70 |     <div className="grid items-start gap-14 lg:grid-cols-[1.35fr_1fr] lg:gap-20">
     |          ^^^^^^^^^
  71 |       {/*
  72 |         NO `Reveal` WRAPPER ON EITHER COLUMN — the section's anime.js recipe owns
  73 |         both entrances now.

Parsing ecmascript source code failed

Import trace:
  Server Component:
    ./components/about-section.tsx
    ./app/[locale]/page.tsx @ http://localhost:3000/_next/static/chunks/node_modules_next_dist_115brz8._.js:3318
[   40802ms] [ERROR] ./components/about-section.tsx:70:10
Expected ',', got 'ident'
  68 |       begin together and the column simply runs longer.
  69 |     */}
> 70 |     <div className="grid items-start gap-14 lg:grid-cols-[1.35fr_1fr] lg:gap-20">
     |          ^^^^^^^^^
  71 |       {/*
  72 |         NO `Reveal` WRAPPER ON EITHER COLUMN — the section's anime.js recipe owns
  73 |         both entrances now.

Parsing ecmascript source code failed

Import trace:
  Server Component:
    ./components/about-section.tsx
    ./app/[locale]/page.tsx @ http://localhost:3000/_next/static/chunks/node_modules_next_dist_115brz8._.js:3318
[   40863ms] [ERROR] ./components/about-section.tsx:70:10
Expected ',', got 'ident'
  68 |       begin together and the column simply runs longer.
  69 |     */}
> 70 |     <div className="grid items-start gap-14 lg:grid-cols-[1.35fr_1fr] lg:gap-20">
     |          ^^^^^^^^^
  71 |       {/*
  72 |         NO `Reveal` WRAPPER ON EITHER COLUMN — the section's anime.js recipe owns
  73 |         both entrances now.

Parsing ecmascript source code failed

Import trace:
  Server Component:
    ./components/about-section.tsx
    ./app/[locale]/page.tsx @ http://localhost:3000/_next/static/chunks/node_modules_next_dist_115brz8._.js:3318
[   40924ms] [ERROR] ./components/about-section.tsx:70:10
Expected ',', got 'ident'
  68 |       begin together and the column simply runs longer.
  69 |     */}
> 70 |     <div className="grid items-start gap-14 lg:grid-cols-[1.35fr_1fr] lg:gap-20">
     |          ^^^^^^^^^
  71 |       {/*
  72 |         NO `Reveal` WRAPPER ON EITHER COLUMN — the section's anime.js recipe owns
  73 |         both entrances now.

Parsing ecmascript source code failed

Import trace:
  Server Component:
    ./components/about-section.tsx
    ./app/[locale]/page.tsx @ http://localhost:3000/_next/static/chunks/node_modules_next_dist_115brz8._.js:3318
[   40985ms] [ERROR] ./components/about-section.tsx:70:10
Expected ',', got 'ident'
  68 |       begin together and the column simply runs longer.
  69 |     */}
> 70 |     <div className="grid items-start gap-14 lg:grid-cols-[1.35fr_1fr] lg:gap-20">
     |          ^^^^^^^^^
  71 |       {/*
  72 |         NO `Reveal` WRAPPER ON EITHER COLUMN — the section's anime.js recipe owns
  73 |         both entrances now.

Parsing ecmascript source code failed

Import trace:
  Server Component:
    ./components/about-section.tsx
    ./app/[locale]/page.tsx @ http://localhost:3000/_next/static/chunks/node_modules_next_dist_115brz8._.js:3318
[   41047ms] [ERROR] ./components/about-section.tsx:70:10
Expected ',', got 'ident'
  68 |       begin together and the column simply runs longer.
  69 |     */}
> 70 |     <div className="grid items-start gap-14 lg:grid-cols-[1.35fr_1fr] lg:gap-20">
     |          ^^^^^^^^^
  71 |       {/*
  72 |         NO `Reveal` WRAPPER ON EITHER COLUMN — the section's anime.js recipe owns
  73 |         both entrances now.

Parsing ecmascript source code failed

Import trace:
  Server Component:
    ./components/about-section.tsx
    ./app/[locale]/page.tsx @ http://localhost:3000/_next/static/chunks/node_modules_next_dist_115brz8._.js:3318
[   41109ms] [ERROR] ./components/about-section.tsx:70:10
Expected ',', got 'ident'
  68 |       begin together and the column simply runs longer.
  69 |     */}
> 70 |     <div className="grid items-start gap-14 lg:grid-cols-[1.35fr_1fr] lg:gap-20">
     |          ^^^^^^^^^
  71 |       {/*
  72 |         NO `Reveal` WRAPPER ON EITHER COLUMN — the section's anime.js recipe owns
  73 |         both entrances now.

Parsing ecmascript source code failed

Import trace:
  Server Component:
    ./components/about-section.tsx
    ./app/[locale]/page.tsx @ http://localhost:3000/_next/static/chunks/node_modules_next_dist_115brz8._.js:3318
[   41171ms] [ERROR] ./components/about-section.tsx:70:10
Expected ',', got 'ident'
  68 |       begin together and the column simply runs longer.
  69 |     */}
> 70 |     <div className="grid items-start gap-14 lg:grid-cols-[1.35fr_1fr] lg:gap-20">
     |          ^^^^^^^^^
  71 |       {/*
  72 |         NO `Reveal` WRAPPER ON EITHER COLUMN — the section's anime.js recipe owns
  73 |         both entrances now.

Parsing ecmascript source code failed

Import trace:
  Server Component:
    ./components/about-section.tsx
    ./app/[locale]/page.tsx @ http://localhost:3000/_next/static/chunks/node_modules_next_dist_115brz8._.js:3318
[   41234ms] [ERROR] ./components/about-section.tsx:70:10
Expected ',', got 'ident'
  68 |       begin together and the column simply runs longer.
  69 |     */}
> 70 |     <div className="grid items-start gap-14 lg:grid-cols-[1.35fr_1fr] lg:gap-20">
     |          ^^^^^^^^^
  71 |       {/*
  72 |         NO `Reveal` WRAPPER ON EITHER COLUMN — the section's anime.js recipe owns
  73 |         both entrances now.

Parsing ecmascript source code failed

Import trace:
  Server Component:
    ./components/about-section.tsx
    ./app/[locale]/page.tsx @ http://localhost:3000/_next/static/chunks/node_modules_next_dist_115brz8._.js:3318
[   41295ms] [ERROR] ./components/about-section.tsx:70:10
Expected ',', got 'ident'
  68 |       begin together and the column simply runs longer.
  69 |     */}
> 70 |     <div className="grid items-start gap-14 lg:grid-cols-[1.35fr_1fr] lg:gap-20">
     |          ^^^^^^^^^
  71 |       {/*
  72 |         NO `Reveal` WRAPPER ON EITHER COLUMN — the section's anime.js recipe owns
  73 |         both entrances now.

Parsing ecmascript source code failed

Import trace:
  Server Component:
    ./components/about-section.tsx
    ./app/[locale]/page.tsx @ http://localhost:3000/_next/static/chunks/node_modules_next_dist_115brz8._.js:3318
[   41358ms] [ERROR] ./components/about-section.tsx:70:10
Expected ',', got 'ident'
  68 |       begin together and the column simply runs longer.
  69 |     */}
> 70 |     <div className="grid items-start gap-14 lg:grid-cols-[1.35fr_1fr] lg:gap-20">
     |          ^^^^^^^^^
  71 |       {/*
  72 |         NO `Reveal` WRAPPER ON EITHER COLUMN — the section's anime.js recipe owns
  73 |         both entrances now.

Parsing ecmascript source code failed

Import trace:
  Server Component:
    ./components/about-section.tsx
    ./app/[locale]/page.tsx @ http://localhost:3000/_next/static/chunks/node_modules_next_dist_115brz8._.js:3318
[   41419ms] [ERROR] ./components/about-section.tsx:70:10
Expected ',', got 'ident'
  68 |       begin together and the column simply runs longer.
  69 |     */}
> 70 |     <div className="grid items-start gap-14 lg:grid-cols-[1.35fr_1fr] lg:gap-20">
     |          ^^^^^^^^^
  71 |       {/*
  72 |         NO `Reveal` WRAPPER ON EITHER COLUMN — the section's anime.js recipe owns
  73 |         both entrances now.

Parsing ecmascript source code failed

Import trace:
  Server Component:
    ./components/about-section.tsx
    ./app/[locale]/page.tsx @ http://localhost:3000/_next/static/chunks/node_modules_next_dist_115brz8._.js:3318
[   41482ms] [ERROR] ./components/about-section.tsx:70:10
Expected ',', got 'ident'
  68 |       begin together and the column simply runs longer.
  69 |     */}
> 70 |     <div className="grid items-start gap-14 lg:grid-cols-[1.35fr_1fr] lg:gap-20">
     |          ^^^^^^^^^
  71 |       {/*
  72 |         NO `Reveal` WRAPPER ON EITHER COLUMN — the section's anime.js recipe owns
  73 |         both entrances now.

Parsing ecmascript source code failed

Import trace:
  Server Component:
    ./components/about-section.tsx
    ./app/[locale]/page.tsx @ http://localhost:3000/_next/static/chunks/node_modules_next_dist_115brz8._.js:3318
[   41544ms] [ERROR] ./components/about-section.tsx:70:10
Expected ',', got 'ident'
  68 |       begin together and the column simply runs longer.
  69 |     */}
> 70 |     <div className="grid items-start gap-14 lg:grid-cols-[1.35fr_1fr] lg:gap-20">
     |          ^^^^^^^^^
  71 |       {/*
  72 |         NO `Reveal` WRAPPER ON EITHER COLUMN — the section's anime.js recipe owns
  73 |         both entrances now.

Parsing ecmascript source code failed

Import trace:
  Server Component:
    ./components/about-section.tsx
    ./app/[locale]/page.tsx @ http://localhost:3000/_next/static/chunks/node_modules_next_dist_115brz8._.js:3318
[   41605ms] [ERROR] ./components/about-section.tsx:70:10
Expected ',', got 'ident'
  68 |       begin together and the column simply runs longer.
  69 |     */}
> 70 |     <div className="grid items-start gap-14 lg:grid-cols-[1.35fr_1fr] lg:gap-20">
     |          ^^^^^^^^^
  71 |       {/*
  72 |         NO `Reveal` WRAPPER ON EITHER COLUMN — the section's anime.js recipe owns
  73 |         both entrances now.

Parsing ecmascript source code failed

Import trace:
  Server Component:
    ./components/about-section.tsx
    ./app/[locale]/page.tsx @ http://localhost:3000/_next/static/chunks/node_modules_next_dist_115brz8._.js:3318
[   41667ms] [ERROR] ./components/about-section.tsx:70:10
Expected ',', got 'ident'
  68 |       begin together and the column simply runs longer.
  69 |     */}
> 70 |     <div className="grid items-start gap-14 lg:grid-cols-[1.35fr_1fr] lg:gap-20">
     |          ^^^^^^^^^
  71 |       {/*
  72 |         NO `Reveal` WRAPPER ON EITHER COLUMN — the section's anime.js recipe owns
  73 |         both entrances now.

Parsing ecmascript source code failed

Import trace:
  Server Component:
    ./components/about-section.tsx
    ./app/[locale]/page.tsx @ http://localhost:3000/_next/static/chunks/node_modules_next_dist_115brz8._.js:3318
[   41728ms] [ERROR] ./components/about-section.tsx:70:10
Expected ',', got 'ident'
  68 |       begin together and the column simply runs longer.
  69 |     */}
> 70 |     <div className="grid items-start gap-14 lg:grid-cols-[1.35fr_1fr] lg:gap-20">
     |          ^^^^^^^^^
  71 |       {/*
  72 |         NO `Reveal` WRAPPER ON EITHER COLUMN — the section's anime.js recipe owns
  73 |         both entrances now.

Parsing ecmascript source code failed

Import trace:
  Server Component:
    ./components/about-section.tsx
    ./app/[locale]/page.tsx @ http://localhost:3000/_next/static/chunks/node_modules_next_dist_115brz8._.js:3318
[   41788ms] [ERROR] ./components/about-section.tsx:70:10
Expected ',', got 'ident'
  68 |       begin together and the column simply runs longer.
  69 |     */}
> 70 |     <div className="grid items-start gap-14 lg:grid-cols-[1.35fr_1fr] lg:gap-20">
     |          ^^^^^^^^^
  71 |       {/*
  72 |         NO `Reveal` WRAPPER ON EITHER COLUMN — the section's anime.js recipe owns
  73 |         both entrances now.

Parsing ecmascript source code failed

Import trace:
  Server Component:
    ./components/about-section.tsx
    ./app/[locale]/page.tsx @ http://localhost:3000/_next/static/chunks/node_modules_next_dist_115brz8._.js:3318
[   41850ms] [ERROR] ./components/about-section.tsx:70:10
Expected ',', got 'ident'
  68 |       begin together and the column simply runs longer.
  69 |     */}
> 70 |     <div className="grid items-start gap-14 lg:grid-cols-[1.35fr_1fr] lg:gap-20">
     |          ^^^^^^^^^
  71 |       {/*
  72 |         NO `Reveal` WRAPPER ON EITHER COLUMN — the section's anime.js recipe owns
  73 |         both entrances now.

Parsing ecmascript source code failed

Import trace:
  Server Component:
    ./components/about-section.tsx
    ./app/[locale]/page.tsx @ http://localhost:3000/_next/static/chunks/node_modules_next_dist_115brz8._.js:3318
[   41912ms] [ERROR] ./components/about-section.tsx:70:10
Expected ',', got 'ident'
  68 |       begin together and the column simply runs longer.
  69 |     */}
> 70 |     <div className="grid items-start gap-14 lg:grid-cols-[1.35fr_1fr] lg:gap-20">
     |          ^^^^^^^^^
  71 |       {/*
  72 |         NO `Reveal` WRAPPER ON EITHER COLUMN — the section's anime.js recipe owns
  73 |         both entrances now.

Parsing ecmascript source code failed

Import trace:
  Server Component:
    ./components/about-section.tsx
    ./app/[locale]/page.tsx @ http://localhost:3000/_next/static/chunks/node_modules_next_dist_115brz8._.js:3318
[   41974ms] [ERROR] ./components/about-section.tsx:70:10
Expected ',', got 'ident'
  68 |       begin together and the column simply runs longer.
  69 |     */}
> 70 |     <div className="grid items-start gap-14 lg:grid-cols-[1.35fr_1fr] lg:gap-20">
     |          ^^^^^^^^^
  71 |       {/*
  72 |         NO `Reveal` WRAPPER ON EITHER COLUMN — the section's anime.js recipe owns
  73 |         both entrances now.

Parsing ecmascript source code failed

Import trace:
  Server Component:
    ./components/about-section.tsx
    ./app/[locale]/page.tsx @ http://localhost:3000/_next/static/chunks/node_modules_next_dist_115brz8._.js:3318
[   42036ms] [ERROR] ./components/about-section.tsx:70:10
Expected ',', got 'ident'
  68 |       begin together and the column simply runs longer.
  69 |     */}
> 70 |     <div className="grid items-start gap-14 lg:grid-cols-[1.35fr_1fr] lg:gap-20">
     |          ^^^^^^^^^
  71 |       {/*
  72 |         NO `Reveal` WRAPPER ON EITHER COLUMN — the section's anime.js recipe owns
  73 |         both entrances now.

Parsing ecmascript source code failed

Import trace:
  Server Component:
    ./components/about-section.tsx
    ./app/[locale]/page.tsx @ http://localhost:3000/_next/static/chunks/node_modules_next_dist_115brz8._.js:3318
[   42098ms] [ERROR] ./components/about-section.tsx:70:10
Expected ',', got 'ident'
  68 |       begin together and the column simply runs longer.
  69 |     */}
> 70 |     <div className="grid items-start gap-14 lg:grid-cols-[1.35fr_1fr] lg:gap-20">
     |          ^^^^^^^^^
  71 |       {/*
  72 |         NO `Reveal` WRAPPER ON EITHER COLUMN — the section's anime.js recipe owns
  73 |         both entrances now.

Parsing ecmascript source code failed

Import trace:
  Server Component:
    ./components/about-section.tsx
    ./app/[locale]/page.tsx @ http://localhost:3000/_next/static/chunks/node_modules_next_dist_115brz8._.js:3318
[   42160ms] [ERROR] ./components/about-section.tsx:70:10
Expected ',', got 'ident'
  68 |       begin together and the column simply runs longer.
  69 |     */}
> 70 |     <div className="grid items-start gap-14 lg:grid-cols-[1.35fr_1fr] lg:gap-20">
     |          ^^^^^^^^^
  71 |       {/*
  72 |         NO `Reveal` WRAPPER ON EITHER COLUMN — the section's anime.js recipe owns
  73 |         both entrances now.

Parsing ecmascript source code failed

Import trace:
  Server Component:
    ./components/about-section.tsx
    ./app/[locale]/page.tsx @ http://localhost:3000/_next/static/chunks/node_modules_next_dist_115brz8._.js:3318
[   42221ms] [ERROR] ./components/about-section.tsx:70:10
Expected ',', got 'ident'
  68 |       begin together and the column simply runs longer.
  69 |     */}
> 70 |     <div className="grid items-start gap-14 lg:grid-cols-[1.35fr_1fr] lg:gap-20">
     |          ^^^^^^^^^
  71 |       {/*
  72 |         NO `Reveal` WRAPPER ON EITHER COLUMN — the section's anime.js recipe owns
  73 |         both entrances now.

Parsing ecmascript source code failed

Import trace:
  Server Component:
    ./components/about-section.tsx
    ./app/[locale]/page.tsx @ http://localhost:3000/_next/static/chunks/node_modules_next_dist_115brz8._.js:3318
[   42283ms] [ERROR] ./components/about-section.tsx:70:10
Expected ',', got 'ident'
  68 |       begin together and the column simply runs longer.
  69 |     */}
> 70 |     <div className="grid items-start gap-14 lg:grid-cols-[1.35fr_1fr] lg:gap-20">
     |          ^^^^^^^^^
  71 |       {/*
  72 |         NO `Reveal` WRAPPER ON EITHER COLUMN — the section's anime.js recipe owns
  73 |         both entrances now.

Parsing ecmascript source code failed

Import trace:
  Server Component:
    ./components/about-section.tsx
    ./app/[locale]/page.tsx @ http://localhost:3000/_next/static/chunks/node_modules_next_dist_115brz8._.js:3318
[   42343ms] [ERROR] ./components/about-section.tsx:70:10
Expected ',', got 'ident'
  68 |       begin together and the column simply runs longer.
  69 |     */}
> 70 |     <div className="grid items-start gap-14 lg:grid-cols-[1.35fr_1fr] lg:gap-20">
     |          ^^^^^^^^^
  71 |       {/*
  72 |         NO `Reveal` WRAPPER ON EITHER COLUMN — the section's anime.js recipe owns
  73 |         both entrances now.

Parsing ecmascript source code failed

Import trace:
  Server Component:
    ./components/about-section.tsx
    ./app/[locale]/page.tsx @ http://localhost:3000/_next/static/chunks/node_modules_next_dist_115brz8._.js:3318
[   42404ms] [ERROR] ./components/about-section.tsx:70:10
Expected ',', got 'ident'
  68 |       begin together and the column simply runs longer.
  69 |     */}
> 70 |     <div className="grid items-start gap-14 lg:grid-cols-[1.35fr_1fr] lg:gap-20">
     |          ^^^^^^^^^
  71 |       {/*
  72 |         NO `Reveal` WRAPPER ON EITHER COLUMN — the section's anime.js recipe owns
  73 |         both entrances now.

Parsing ecmascript source code failed

Import trace:
  Server Component:
    ./components/about-section.tsx
    ./app/[locale]/page.tsx @ http://localhost:3000/_next/static/chunks/node_modules_next_dist_115brz8._.js:3318
[   42466ms] [ERROR] ./components/about-section.tsx:70:10
Expected ',', got 'ident'
  68 |       begin together and the column simply runs longer.
  69 |     */}
> 70 |     <div className="grid items-start gap-14 lg:grid-cols-[1.35fr_1fr] lg:gap-20">
     |          ^^^^^^^^^
  71 |       {/*
  72 |         NO `Reveal` WRAPPER ON EITHER COLUMN — the section's anime.js recipe owns
  73 |         both entrances now.

Parsing ecmascript source code failed

Import trace:
  Server Component:
    ./components/about-section.tsx
    ./app/[locale]/page.tsx @ http://localhost:3000/_next/static/chunks/node_modules_next_dist_115brz8._.js:3318
[   42529ms] [ERROR] ./components/about-section.tsx:70:10
Expected ',', got 'ident'
  68 |       begin together and the column simply runs longer.
  69 |     */}
> 70 |     <div className="grid items-start gap-14 lg:grid-cols-[1.35fr_1fr] lg:gap-20">
     |          ^^^^^^^^^
  71 |       {/*
  72 |         NO `Reveal` WRAPPER ON EITHER COLUMN — the section's anime.js recipe owns
  73 |         both entrances now.

Parsing ecmascript source code failed

Import trace:
  Server Component:
    ./components/about-section.tsx
    ./app/[locale]/page.tsx @ http://localhost:3000/_next/static/chunks/node_modules_next_dist_115brz8._.js:3318
