[    1592ms] [LOG] [Fast Refresh] done in 3103ms @ http://localhost:3000/_next/static/chunks/node_modules_next_dist_115brz8._.js:2477
[    1953ms] [LOG] [Fast Refresh] rebuilding @ http://localhost:3000/_next/static/chunks/node_modules_next_dist_115brz8._.js:2477
[    2444ms] [LOG] [Fast Refresh] done in 593ms @ http://localhost:3000/_next/static/chunks/node_modules_next_dist_115brz8._.js:2477
[    2548ms] [LOG] [Fast Refresh] rebuilding @ http://localhost:3000/_next/static/chunks/node_modules_next_dist_115brz8._.js:2477
[    2844ms] [LOG] [Fast Refresh] done in 399ms @ http://localhost:3000/_next/static/chunks/node_modules_next_dist_115brz8._.js:2477
[    2948ms] [LOG] [Fast Refresh] rebuilding @ http://localhost:3000/_next/static/chunks/node_modules_next_dist_115brz8._.js:2477
[    3146ms] [LOG] [Fast Refresh] done in 299ms @ http://localhost:3000/_next/static/chunks/node_modules_next_dist_115brz8._.js:2477
[    3835ms] [INFO] %cDownload the React DevTools for a better development experience: https://react.dev/link/react-devtools font-weight:bold @ http://localhost:3000/_next/static/chunks/node_modules_next_dist_115brz8._.js:2477
[    3971ms] [LOG] [HMR] connected @ http://localhost:3000/_next/static/chunks/node_modules_next_dist_115brz8._.js:2477
[    4408ms] [LOG] [Fast Refresh] rebuilding @ http://localhost:3000/_next/static/chunks/node_modules_next_dist_115brz8._.js:2477
[    4525ms] [LOG] [Fast Refresh] done in 219ms @ http://localhost:3000/_next/static/chunks/node_modules_next_dist_115brz8._.js:2477
[    5203ms] [LOG] [Fast Refresh] rebuilding @ http://localhost:3000/_next/static/chunks/node_modules_next_dist_115brz8._.js:2477
[    5400ms] [LOG] [Fast Refresh] done in 300ms @ http://localhost:3000/_next/static/chunks/node_modules_next_dist_115brz8._.js:2477
[   16543ms] [LOG] [Fast Refresh] rebuilding @ http://localhost:3000/_next/static/chunks/node_modules_next_dist_115brz8._.js:2477
[   16767ms] [LOG] [Fast Refresh] done in 331ms @ http://localhost:3000/_next/static/chunks/node_modules_next_dist_115brz8._.js:2477
[   17111ms] [LOG] [Fast Refresh] rebuilding @ http://localhost:3000/_next/static/chunks/node_modules_next_dist_115brz8._.js:2477
[   18466ms] [LOG] [Fast Refresh] done in 1458ms @ http://localhost:3000/_next/static/chunks/node_modules_next_dist_115brz8._.js:2477
[   18665ms] [LOG] [Fast Refresh] rebuilding @ http://localhost:3000/_next/static/chunks/node_modules_next_dist_115brz8._.js:2477
[   19056ms] [LOG] [Fast Refresh] done in 491ms @ http://localhost:3000/_next/static/chunks/node_modules_next_dist_115brz8._.js:2477
[   19295ms] [LOG] [Fast Refresh] rebuilding @ http://localhost:3000/_next/static/chunks/node_modules_next_dist_115brz8._.js:2477
[   19690ms] [LOG] [Fast Refresh] done in 495ms @ http://localhost:3000/_next/static/chunks/node_modules_next_dist_115brz8._.js:2477
[   19794ms] [LOG] [Fast Refresh] rebuilding @ http://localhost:3000/_next/static/chunks/node_modules_next_dist_115brz8._.js:2477
[   19987ms] [LOG] [Fast Refresh] done in 295ms @ http://localhost:3000/_next/static/chunks/node_modules_next_dist_115brz8._.js:2477
[   39173ms] [LOG] [Fast Refresh] rebuilding @ http://localhost:3000/_next/static/chunks/node_modules_next_dist_115brz8._.js:2477
[   39267ms] [LOG] [Fast Refresh] done in 159ms @ http://localhost:3000/_next/static/chunks/node_modules_next_dist_115brz8._.js:2477
[   45307ms] [LOG] [Fast Refresh] rebuilding @ http://localhost:3000/_next/static/chunks/node_modules_next_dist_115brz8._.js:2477
[   45599ms] [ERROR] ./components/about-section.tsx:207:23
Expected '</', got 'ident'
  205 |               read as one more ledger row that lost its label. The wider gap is what
  206 |               separates the closing of the table from the opening of the quote. */}
> 207 |           <blockquote data-anime="row" className="block-rule mt-14 pt-6">
      |                       ^^^^
  208 |             {/* `.about-quote` replaces `text-base sm:text-lg`. One fluid step that
  209 |                 starts at the bio's size rather than below it — this is her own
  210 |                 first-person statement and it was previously set SMALLER than the

Parsing ecmascript source code failed

Import trace:
  Server Component:
    ./components/about-section.tsx
    ./app/[locale]/page.tsx @ http://localhost:3000/_next/static/chunks/node_modules_next_dist_115brz8._.js:3318
[   45731ms] [ERROR] ./components/about-section.tsx:207:23
Expected '</', got 'ident'
  205 |               read as one more ledger row that lost its label. The wider gap is what
  206 |               separates the closing of the table from the opening of the quote. */}
> 207 |           <blockquote data-anime="row" className="block-rule mt-14 pt-6">
      |                       ^^^^
  208 |             {/* `.about-quote` replaces `text-base sm:text-lg`. One fluid step that
  209 |                 starts at the bio's size rather than below it — this is her own
  210 |                 first-person statement and it was previously set SMALLER than the

Parsing ecmascript source code failed

Import trace:
  Server Component:
    ./components/about-section.tsx
    ./app/[locale]/page.tsx @ http://localhost:3000/_next/static/chunks/node_modules_next_dist_115brz8._.js:3318
[   45823ms] [ERROR] ./components/about-section.tsx:207:23
Expected '</', got 'ident'
  205 |               read as one more ledger row that lost its label. The wider gap is what
  206 |               separates the closing of the table from the opening of the quote. */}
> 207 |           <blockquote data-anime="row" className="block-rule mt-14 pt-6">
      |                       ^^^^
  208 |             {/* `.about-quote` replaces `text-base sm:text-lg`. One fluid step that
  209 |                 starts at the bio's size rather than below it — this is her own
  210 |                 first-person statement and it was previously set SMALLER than the

Parsing ecmascript source code failed

Import trace:
  Server Component:
    ./components/about-section.tsx
    ./app/[locale]/page.tsx @ http://localhost:3000/_next/static/chunks/node_modules_next_dist_115brz8._.js:3318
[   45825ms] [ERROR] ./components/about-section.tsx:207:23
Expected '</', got 'ident'
  205 |               read as one more ledger row that lost its label. The wider gap is what
  206 |               separates the closing of the table from the opening of the quote. */}
> 207 |           <blockquote data-anime="row" className="block-rule mt-14 pt-6">
      |                       ^^^^
  208 |             {/* `.about-quote` replaces `text-base sm:text-lg`. One fluid step that
  209 |                 starts at the bio's size rather than below it — this is her own
  210 |                 first-person statement and it was previously set SMALLER than the

Parsing ecmascript source code failed

Import trace:
  Server Component:
    ./components/about-section.tsx
    ./app/[locale]/page.tsx @ http://localhost:3000/_next/static/chunks/node_modules_next_dist_115brz8._.js:3318
[   45909ms] [ERROR] ./components/about-section.tsx:207:23
Expected '</', got 'ident'
  205 |               read as one more ledger row that lost its label. The wider gap is what
  206 |               separates the closing of the table from the opening of the quote. */}
> 207 |           <blockquote data-anime="row" className="block-rule mt-14 pt-6">
      |                       ^^^^
  208 |             {/* `.about-quote` replaces `text-base sm:text-lg`. One fluid step that
  209 |                 starts at the bio's size rather than below it — this is her own
  210 |                 first-person statement and it was previously set SMALLER than the

Parsing ecmascript source code failed

Import trace:
  Server Component:
    ./components/about-section.tsx
    ./app/[locale]/page.tsx @ http://localhost:3000/_next/static/chunks/node_modules_next_dist_115brz8._.js:3318
[   45910ms] [ERROR] Failed to load resource: the server responded with a status of 500 (Internal Server Error) @ http://localhost:3000/about?_rsc=_6q1sh-zzqvK-LUa:0
[   45978ms] [ERROR] ./components/about-section.tsx:207:23
Expected '</', got 'ident'
  205 |               read as one more ledger row that lost its label. The wider gap is what
  206 |               separates the closing of the table from the opening of the quote. */}
> 207 |           <blockquote data-anime="row" className="block-rule mt-14 pt-6">
      |                       ^^^^
  208 |             {/* `.about-quote` replaces `text-base sm:text-lg`. One fluid step that
  209 |                 starts at the bio's size rather than below it — this is her own
  210 |                 first-person statement and it was previously set SMALLER than the

Parsing ecmascript source code failed

Import trace:
  Server Component:
    ./components/about-section.tsx
    ./app/[locale]/page.tsx @ http://localhost:3000/_next/static/chunks/node_modules_next_dist_115brz8._.js:3318
[   46085ms] [LOG] [Fast Refresh] rebuilding @ http://localhost:3000/_next/static/chunks/node_modules_next_dist_115brz8._.js:2477
[   46123ms] [ERROR] Failed to load resource: the server responded with a status of 500 (Internal Server Error) @ http://localhost:3000/about?_rsc=_6q1sh-zzqvK-LUa:0
[   46237ms] [ERROR] Failed to load resource: the server responded with a status of 500 (Internal Server Error) @ http://localhost:3000/about:0
[   46358ms] [INFO] %cDownload the React DevTools for a better development experience: https://react.dev/link/react-devtools font-weight:bold @ http://localhost:3000/_next/static/chunks/node_modules_react-dom_cjs_react-dom-client_development_0z3nh7o.js:16702
[   46430ms] [ERROR] Refused to execute script from 'http://localhost:3000/_next/static/development/_clientMiddlewareManifest.js' because its MIME type ('application/json') is not executable, and strict MIME type checking is enabled. @ http://localhost:3000/about:0
[   46438ms] Error: ./components/about-section.tsx:207:23
Expected '</', got 'ident'
  205 |               read as one more ledger row that lost its label. The wider gap is what
  206 |               separates the closing of the table from the opening of the quote. */}
> 207 |           <blockquote data-anime="row" className="block-rule mt-14 pt-6">
      |                       ^^^^
  208 |             {/* `.about-quote` replaces `text-base sm:text-lg`. One fluid step that
  209 |                 starts at the bio's size rather than below it — this is her own
  210 |                 first-person statement and it was previously set SMALLER than the

Parsing ecmascript source code failed

Import trace:
  Server Component:
    ./components/about-section.tsx
    ./app/[locale]/page.tsx


    at <unknown> (Error: ./components/about-section.tsx:207:23)
    at Object.getCompilationErrors (file://C:\Users\Ibra\Documents\GitHub\sana\node_modules\next\dist\server\dev\hot-reloader-turbopack.js:1186:59)
    at DevBundlerService.getCompilationError (file://C:\Users\Ibra\Documents\GitHub\sana\node_modules\next\dist\server\lib\dev-bundler-service.js:44:55)
    at DevServer.getCompilationError (file://C:\Users\Ibra\Documents\GitHub\sana\node_modules\next\dist\server\dev\next-dev-server.js:720:42)
    at DevServer.findPageComponents (file://C:\Users\Ibra\Documents\GitHub\sana\node_modules\next\dist\server\dev\next-dev-server.js:690:43)
    at async DevServer.renderErrorToResponseImpl (file://C:\Users\Ibra\Documents\GitHub\sana\node_modules\next\dist\server\base-server.js:1753:26)
[   46439ms] [LOG] [HMR] connected @ http://localhost:3000/_next/static/chunks/node_modules_next_dist_0u_w_5s._.js:1226
[   46442ms] [ERROR] ./components/about-section.tsx:207:23
Expected '</', got 'ident'
  205 |               read as one more ledger row that lost its label. The wider gap is what
  206 |               separates the closing of the table from the opening of the quote. */}
> 207 |           <blockquote data-anime="row" className="block-rule mt-14 pt-6">
      |                       ^^^^
  208 |             {/* `.about-quote` replaces `text-base sm:text-lg`. One fluid step that
  209 |                 starts at the bio's size rather than below it — this is her own
  210 |                 first-person statement and it was previously set SMALLER than the

Parsing ecmascript source code failed

Import trace:
  Server Component:
    ./components/about-section.tsx
    ./app/[locale]/page.tsx @ http://localhost:3000/_next/static/chunks/node_modules_next_dist_0u_w_5s._.js:1945
[   46443ms] [ERROR] ./components/about-section.tsx:207:23
Expected '</', got 'ident'
  205 |               read as one more ledger row that lost its label. The wider gap is what
  206 |               separates the closing of the table from the opening of the quote. */}
> 207 |           <blockquote data-anime="row" className="block-rule mt-14 pt-6">
      |                       ^^^^
  208 |             {/* `.about-quote` replaces `text-base sm:text-lg`. One fluid step that
  209 |                 starts at the bio's size rather than below it — this is her own
  210 |                 first-person statement and it was previously set SMALLER than the

Parsing ecmascript source code failed

Import trace:
  Server Component:
    ./components/about-section.tsx
    ./app/[locale]/about/page.tsx @ http://localhost:3000/_next/static/chunks/node_modules_next_dist_0u_w_5s._.js:1945
[   46465ms] [ERROR] Failed to load resource: the server responded with a status of 500 (Internal Server Error) @ http://localhost:3000/favicon.ico:0
[   46523ms] [ERROR] ./components/about-section.tsx:207:23
Expected '</', got 'ident'
  205 |               read as one more ledger row that lost its label. The wider gap is what
  206 |               separates the closing of the table from the opening of the quote. */}
> 207 |           <blockquote data-anime="row" className="block-rule mt-14 pt-6">
      |                       ^^^^
  208 |             {/* `.about-quote` replaces `text-base sm:text-lg`. One fluid step that
  209 |                 starts at the bio's size rather than below it — this is her own
  210 |                 first-person statement and it was previously set SMALLER than the

Parsing ecmascript source code failed

Import trace:
  Server Component:
    ./components/about-section.tsx
    ./app/[locale]/page.tsx @ http://localhost:3000/_next/static/chunks/node_modules_next_dist_0u_w_5s._.js:1945
[   46585ms] [ERROR] ./components/about-section.tsx:207:23
Expected '</', got 'ident'
  205 |               read as one more ledger row that lost its label. The wider gap is what
  206 |               separates the closing of the table from the opening of the quote. */}
> 207 |           <blockquote data-anime="row" className="block-rule mt-14 pt-6">
      |                       ^^^^
  208 |             {/* `.about-quote` replaces `text-base sm:text-lg`. One fluid step that
  209 |                 starts at the bio's size rather than below it — this is her own
  210 |                 first-person statement and it was previously set SMALLER than the

Parsing ecmascript source code failed

Import trace:
  Server Component:
    ./components/about-section.tsx
    ./app/[locale]/page.tsx @ http://localhost:3000/_next/static/chunks/node_modules_next_dist_0u_w_5s._.js:1945
[   46647ms] [ERROR] ./components/about-section.tsx:207:23
Expected '</', got 'ident'
  205 |               read as one more ledger row that lost its label. The wider gap is what
  206 |               separates the closing of the table from the opening of the quote. */}
> 207 |           <blockquote data-anime="row" className="block-rule mt-14 pt-6">
      |                       ^^^^
  208 |             {/* `.about-quote` replaces `text-base sm:text-lg`. One fluid step that
  209 |                 starts at the bio's size rather than below it — this is her own
  210 |                 first-person statement and it was previously set SMALLER than the

Parsing ecmascript source code failed

Import trace:
  Server Component:
    ./components/about-section.tsx
    ./app/[locale]/page.tsx @ http://localhost:3000/_next/static/chunks/node_modules_next_dist_0u_w_5s._.js:1945
[   46708ms] [ERROR] ./components/about-section.tsx:207:23
Expected '</', got 'ident'
  205 |               read as one more ledger row that lost its label. The wider gap is what
  206 |               separates the closing of the table from the opening of the quote. */}
> 207 |           <blockquote data-anime="row" className="block-rule mt-14 pt-6">
      |                       ^^^^
  208 |             {/* `.about-quote` replaces `text-base sm:text-lg`. One fluid step that
  209 |                 starts at the bio's size rather than below it — this is her own
  210 |                 first-person statement and it was previously set SMALLER than the

Parsing ecmascript source code failed

Import trace:
  Server Component:
    ./components/about-section.tsx
    ./app/[locale]/page.tsx @ http://localhost:3000/_next/static/chunks/node_modules_next_dist_0u_w_5s._.js:1945
[   46769ms] [ERROR] ./components/about-section.tsx:207:23
Expected '</', got 'ident'
  205 |               read as one more ledger row that lost its label. The wider gap is what
  206 |               separates the closing of the table from the opening of the quote. */}
> 207 |           <blockquote data-anime="row" className="block-rule mt-14 pt-6">
      |                       ^^^^
  208 |             {/* `.about-quote` replaces `text-base sm:text-lg`. One fluid step that
  209 |                 starts at the bio's size rather than below it — this is her own
  210 |                 first-person statement and it was previously set SMALLER than the

Parsing ecmascript source code failed

Import trace:
  Server Component:
    ./components/about-section.tsx
    ./app/[locale]/page.tsx @ http://localhost:3000/_next/static/chunks/node_modules_next_dist_0u_w_5s._.js:1945
[   46831ms] [ERROR] ./components/about-section.tsx:207:23
Expected '</', got 'ident'
  205 |               read as one more ledger row that lost its label. The wider gap is what
  206 |               separates the closing of the table from the opening of the quote. */}
> 207 |           <blockquote data-anime="row" className="block-rule mt-14 pt-6">
      |                       ^^^^
  208 |             {/* `.about-quote` replaces `text-base sm:text-lg`. One fluid step that
  209 |                 starts at the bio's size rather than below it — this is her own
  210 |                 first-person statement and it was previously set SMALLER than the

Parsing ecmascript source code failed

Import trace:
  Server Component:
    ./components/about-section.tsx
    ./app/[locale]/page.tsx @ http://localhost:3000/_next/static/chunks/node_modules_next_dist_0u_w_5s._.js:1945
[   46893ms] [ERROR] ./components/about-section.tsx:207:23
Expected '</', got 'ident'
  205 |               read as one more ledger row that lost its label. The wider gap is what
  206 |               separates the closing of the table from the opening of the quote. */}
> 207 |           <blockquote data-anime="row" className="block-rule mt-14 pt-6">
      |                       ^^^^
  208 |             {/* `.about-quote` replaces `text-base sm:text-lg`. One fluid step that
  209 |                 starts at the bio's size rather than below it — this is her own
  210 |                 first-person statement and it was previously set SMALLER than the

Parsing ecmascript source code failed

Import trace:
  Server Component:
    ./components/about-section.tsx
    ./app/[locale]/page.tsx @ http://localhost:3000/_next/static/chunks/node_modules_next_dist_0u_w_5s._.js:1945
[   46953ms] [ERROR] ./components/about-section.tsx:207:23
Expected '</', got 'ident'
  205 |               read as one more ledger row that lost its label. The wider gap is what
  206 |               separates the closing of the table from the opening of the quote. */}
> 207 |           <blockquote data-anime="row" className="block-rule mt-14 pt-6">
      |                       ^^^^
  208 |             {/* `.about-quote` replaces `text-base sm:text-lg`. One fluid step that
  209 |                 starts at the bio's size rather than below it — this is her own
  210 |                 first-person statement and it was previously set SMALLER than the

Parsing ecmascript source code failed

Import trace:
  Server Component:
    ./components/about-section.tsx
    ./app/[locale]/page.tsx @ http://localhost:3000/_next/static/chunks/node_modules_next_dist_0u_w_5s._.js:1945
[   47014ms] [ERROR] ./components/about-section.tsx:207:23
Expected '</', got 'ident'
  205 |               read as one more ledger row that lost its label. The wider gap is what
  206 |               separates the closing of the table from the opening of the quote. */}
> 207 |           <blockquote data-anime="row" className="block-rule mt-14 pt-6">
      |                       ^^^^
  208 |             {/* `.about-quote` replaces `text-base sm:text-lg`. One fluid step that
  209 |                 starts at the bio's size rather than below it — this is her own
  210 |                 first-person statement and it was previously set SMALLER than the

Parsing ecmascript source code failed

Import trace:
  Server Component:
    ./components/about-section.tsx
    ./app/[locale]/page.tsx @ http://localhost:3000/_next/static/chunks/node_modules_next_dist_0u_w_5s._.js:1945
[   47078ms] [ERROR] ./components/about-section.tsx:207:23
Expected '</', got 'ident'
  205 |               read as one more ledger row that lost its label. The wider gap is what
  206 |               separates the closing of the table from the opening of the quote. */}
> 207 |           <blockquote data-anime="row" className="block-rule mt-14 pt-6">
      |                       ^^^^
  208 |             {/* `.about-quote` replaces `text-base sm:text-lg`. One fluid step that
  209 |                 starts at the bio's size rather than below it — this is her own
  210 |                 first-person statement and it was previously set SMALLER than the

Parsing ecmascript source code failed

Import trace:
  Server Component:
    ./components/about-section.tsx
    ./app/[locale]/page.tsx @ http://localhost:3000/_next/static/chunks/node_modules_next_dist_0u_w_5s._.js:1945
[   47138ms] [ERROR] ./components/about-section.tsx:207:23
Expected '</', got 'ident'
  205 |               read as one more ledger row that lost its label. The wider gap is what
  206 |               separates the closing of the table from the opening of the quote. */}
> 207 |           <blockquote data-anime="row" className="block-rule mt-14 pt-6">
      |                       ^^^^
  208 |             {/* `.about-quote` replaces `text-base sm:text-lg`. One fluid step that
  209 |                 starts at the bio's size rather than below it — this is her own
  210 |                 first-person statement and it was previously set SMALLER than the

Parsing ecmascript source code failed

Import trace:
  Server Component:
    ./components/about-section.tsx
    ./app/[locale]/page.tsx @ http://localhost:3000/_next/static/chunks/node_modules_next_dist_0u_w_5s._.js:1945
[   47200ms] [ERROR] ./components/about-section.tsx:207:23
Expected '</', got 'ident'
  205 |               read as one more ledger row that lost its label. The wider gap is what
  206 |               separates the closing of the table from the opening of the quote. */}
> 207 |           <blockquote data-anime="row" className="block-rule mt-14 pt-6">
      |                       ^^^^
  208 |             {/* `.about-quote` replaces `text-base sm:text-lg`. One fluid step that
  209 |                 starts at the bio's size rather than below it — this is her own
  210 |                 first-person statement and it was previously set SMALLER than the

Parsing ecmascript source code failed

Import trace:
  Server Component:
    ./components/about-section.tsx
    ./app/[locale]/page.tsx @ http://localhost:3000/_next/static/chunks/node_modules_next_dist_0u_w_5s._.js:1945
[   47261ms] [ERROR] ./components/about-section.tsx:207:23
Expected '</', got 'ident'
  205 |               read as one more ledger row that lost its label. The wider gap is what
  206 |               separates the closing of the table from the opening of the quote. */}
> 207 |           <blockquote data-anime="row" className="block-rule mt-14 pt-6">
      |                       ^^^^
  208 |             {/* `.about-quote` replaces `text-base sm:text-lg`. One fluid step that
  209 |                 starts at the bio's size rather than below it — this is her own
  210 |                 first-person statement and it was previously set SMALLER than the

Parsing ecmascript source code failed

Import trace:
  Server Component:
    ./components/about-section.tsx
    ./app/[locale]/page.tsx @ http://localhost:3000/_next/static/chunks/node_modules_next_dist_0u_w_5s._.js:1945
[   47322ms] [ERROR] ./components/about-section.tsx:207:23
Expected '</', got 'ident'
  205 |               read as one more ledger row that lost its label. The wider gap is what
  206 |               separates the closing of the table from the opening of the quote. */}
> 207 |           <blockquote data-anime="row" className="block-rule mt-14 pt-6">
      |                       ^^^^
  208 |             {/* `.about-quote` replaces `text-base sm:text-lg`. One fluid step that
  209 |                 starts at the bio's size rather than below it — this is her own
  210 |                 first-person statement and it was previously set SMALLER than the

Parsing ecmascript source code failed

Import trace:
  Server Component:
    ./components/about-section.tsx
    ./app/[locale]/page.tsx @ http://localhost:3000/_next/static/chunks/node_modules_next_dist_0u_w_5s._.js:1945
[   47384ms] [ERROR] ./components/about-section.tsx:207:23
Expected '</', got 'ident'
  205 |               read as one more ledger row that lost its label. The wider gap is what
  206 |               separates the closing of the table from the opening of the quote. */}
> 207 |           <blockquote data-anime="row" className="block-rule mt-14 pt-6">
      |                       ^^^^
  208 |             {/* `.about-quote` replaces `text-base sm:text-lg`. One fluid step that
  209 |                 starts at the bio's size rather than below it — this is her own
  210 |                 first-person statement and it was previously set SMALLER than the

Parsing ecmascript source code failed

Import trace:
  Server Component:
    ./components/about-section.tsx
    ./app/[locale]/page.tsx @ http://localhost:3000/_next/static/chunks/node_modules_next_dist_0u_w_5s._.js:1945
[   47445ms] [ERROR] ./components/about-section.tsx:207:23
Expected '</', got 'ident'
  205 |               read as one more ledger row that lost its label. The wider gap is what
  206 |               separates the closing of the table from the opening of the quote. */}
> 207 |           <blockquote data-anime="row" className="block-rule mt-14 pt-6">
      |                       ^^^^
  208 |             {/* `.about-quote` replaces `text-base sm:text-lg`. One fluid step that
  209 |                 starts at the bio's size rather than below it — this is her own
  210 |                 first-person statement and it was previously set SMALLER than the

Parsing ecmascript source code failed

Import trace:
  Server Component:
    ./components/about-section.tsx
    ./app/[locale]/page.tsx @ http://localhost:3000/_next/static/chunks/node_modules_next_dist_0u_w_5s._.js:1945
[   47505ms] [ERROR] ./components/about-section.tsx:207:23
Expected '</', got 'ident'
  205 |               read as one more ledger row that lost its label. The wider gap is what
  206 |               separates the closing of the table from the opening of the quote. */}
> 207 |           <blockquote data-anime="row" className="block-rule mt-14 pt-6">
      |                       ^^^^
  208 |             {/* `.about-quote` replaces `text-base sm:text-lg`. One fluid step that
  209 |                 starts at the bio's size rather than below it — this is her own
  210 |                 first-person statement and it was previously set SMALLER than the

Parsing ecmascript source code failed

Import trace:
  Server Component:
    ./components/about-section.tsx
    ./app/[locale]/page.tsx @ http://localhost:3000/_next/static/chunks/node_modules_next_dist_0u_w_5s._.js:1945
[   47568ms] [ERROR] ./components/about-section.tsx:207:23
Expected '</', got 'ident'
  205 |               read as one more ledger row that lost its label. The wider gap is what
  206 |               separates the closing of the table from the opening of the quote. */}
> 207 |           <blockquote data-anime="row" className="block-rule mt-14 pt-6">
      |                       ^^^^
  208 |             {/* `.about-quote` replaces `text-base sm:text-lg`. One fluid step that
  209 |                 starts at the bio's size rather than below it — this is her own
  210 |                 first-person statement and it was previously set SMALLER than the

Parsing ecmascript source code failed

Import trace:
  Server Component:
    ./components/about-section.tsx
    ./app/[locale]/page.tsx @ http://localhost:3000/_next/static/chunks/node_modules_next_dist_0u_w_5s._.js:1945
[   47630ms] [ERROR] ./components/about-section.tsx:207:23
Expected '</', got 'ident'
  205 |               read as one more ledger row that lost its label. The wider gap is what
  206 |               separates the closing of the table from the opening of the quote. */}
> 207 |           <blockquote data-anime="row" className="block-rule mt-14 pt-6">
      |                       ^^^^
  208 |             {/* `.about-quote` replaces `text-base sm:text-lg`. One fluid step that
  209 |                 starts at the bio's size rather than below it — this is her own
  210 |                 first-person statement and it was previously set SMALLER than the

Parsing ecmascript source code failed

Import trace:
  Server Component:
    ./components/about-section.tsx
    ./app/[locale]/page.tsx @ http://localhost:3000/_next/static/chunks/node_modules_next_dist_0u_w_5s._.js:1945
[   47693ms] [ERROR] ./components/about-section.tsx:207:23
Expected '</', got 'ident'
  205 |               read as one more ledger row that lost its label. The wider gap is what
  206 |               separates the closing of the table from the opening of the quote. */}
> 207 |           <blockquote data-anime="row" className="block-rule mt-14 pt-6">
      |                       ^^^^
  208 |             {/* `.about-quote` replaces `text-base sm:text-lg`. One fluid step that
  209 |                 starts at the bio's size rather than below it — this is her own
  210 |                 first-person statement and it was previously set SMALLER than the

Parsing ecmascript source code failed

Import trace:
  Server Component:
    ./components/about-section.tsx
    ./app/[locale]/page.tsx @ http://localhost:3000/_next/static/chunks/node_modules_next_dist_0u_w_5s._.js:1945
