[       3ms] [ERROR] ./components/about-section.tsx:70:10
Expected ',', got 'ident'
  68 |       begin together and the column simply runs longer.
  69 |     */}
> 70 |     <div className="grid items-start gap-14 lg:grid-cols-[1.35fr_1fr] lg:gap-20">
     |          ^^^^^^^^^
  71 |       {/*
  72 |         NO `Reveal` WRAPPER ON EITHER COLUMN — the section's anime.js recipe owns
  73 |         both entrances now.

Parsing ecmascript source code failed

Import trace:
  Server Component:
    ./components/about-section.tsx
    ./app/[locale]/page.tsx @ http://localhost:3000/_next/static/chunks/node_modules_next_dist_115brz8._.js:3318
[      93ms] [ERROR] Failed to load resource: the server responded with a status of 500 (Internal Server Error) @ http://localhost:3000/#section-about:0
[     133ms] [ERROR] Refused to execute script from 'http://localhost:3000/_next/static/development/_clientMiddlewareManifest.js' because its MIME type ('application/json') is not executable, and strict MIME type checking is enabled. @ http://localhost:3000/#section-about:0
[     161ms] [INFO] %cDownload the React DevTools for a better development experience: https://react.dev/link/react-devtools font-weight:bold @ http://localhost:3000/_next/static/chunks/node_modules_react-dom_cjs_react-dom-client_development_0z3nh7o.js:16702
[     218ms] Error: ./components/about-section.tsx:70:10
Expected ',', got 'ident'
  68 |       begin together and the column simply runs longer.
  69 |     */}
> 70 |     <div className="grid items-start gap-14 lg:grid-cols-[1.35fr_1fr] lg:gap-20">
     |          ^^^^^^^^^
  71 |       {/*
  72 |         NO `Reveal` WRAPPER ON EITHER COLUMN — the section's anime.js recipe owns
  73 |         both entrances now.

Parsing ecmascript source code failed

Import trace:
  Server Component:
    ./components/about-section.tsx
    ./app/[locale]/page.tsx


    at <unknown> (Error: ./components/about-section.tsx:70:10)
    at Object.getCompilationErrors (file://C:\Users\Ibra\Documents\GitHub\sana\node_modules\next\dist\server\dev\hot-reloader-turbopack.js:1186:59)
    at DevBundlerService.getCompilationError (file://C:\Users\Ibra\Documents\GitHub\sana\node_modules\next\dist\server\lib\dev-bundler-service.js:44:55)
    at DevServer.getCompilationError (file://C:\Users\Ibra\Documents\GitHub\sana\node_modules\next\dist\server\dev\next-dev-server.js:720:42)
    at DevServer.findPageComponents (file://C:\Users\Ibra\Documents\GitHub\sana\node_modules\next\dist\server\dev\next-dev-server.js:690:43)
    at async DevServer.renderErrorToResponseImpl (file://C:\Users\Ibra\Documents\GitHub\sana\node_modules\next\dist\server\base-server.js:1753:26)
[     215ms] [LOG] [HMR] connected @ http://localhost:3000/_next/static/chunks/node_modules_next_dist_0u_w_5s._.js:1226
[     218ms] [ERROR] ./components/about-section.tsx:70:10
Expected ',', got 'ident'
  68 |       begin together and the column simply runs longer.
  69 |     */}
> 70 |     <div className="grid items-start gap-14 lg:grid-cols-[1.35fr_1fr] lg:gap-20">
     |          ^^^^^^^^^
  71 |       {/*
  72 |         NO `Reveal` WRAPPER ON EITHER COLUMN — the section's anime.js recipe owns
  73 |         both entrances now.

Parsing ecmascript source code failed

Import trace:
  Server Component:
    ./components/about-section.tsx
    ./app/[locale]/page.tsx @ http://localhost:3000/_next/static/chunks/node_modules_next_dist_0u_w_5s._.js:1945
[     218ms] [ERROR] ./components/about-section.tsx:70:10
Expected ',', got 'ident'
  68 |       begin together and the column simply runs longer.
  69 |     */}
> 70 |     <div className="grid items-start gap-14 lg:grid-cols-[1.35fr_1fr] lg:gap-20">
     |          ^^^^^^^^^
  71 |       {/*
  72 |         NO `Reveal` WRAPPER ON EITHER COLUMN — the section's anime.js recipe owns
  73 |         both entrances now.

Parsing ecmascript source code failed

Import trace:
  Server Component:
    ./components/about-section.tsx
    ./app/[locale]/about/page.tsx @ http://localhost:3000/_next/static/chunks/node_modules_next_dist_0u_w_5s._.js:1945
[     221ms] [ERROR] ./components/about-section.tsx:70:10
Expected ',', got 'ident'
  68 |       begin together and the column simply runs longer.
  69 |     */}
> 70 |     <div className="grid items-start gap-14 lg:grid-cols-[1.35fr_1fr] lg:gap-20">
     |          ^^^^^^^^^
  71 |       {/*
  72 |         NO `Reveal` WRAPPER ON EITHER COLUMN — the section's anime.js recipe owns
  73 |         both entrances now.

Parsing ecmascript source code failed

Import trace:
  Server Component:
    ./components/about-section.tsx
    ./app/[locale]/page.tsx @ http://localhost:3000/_next/static/chunks/node_modules_next_dist_0u_w_5s._.js:1945
[     237ms] [ERROR] Failed to load resource: the server responded with a status of 500 (Internal Server Error) @ http://localhost:3000/favicon.ico:0
[     294ms] [ERROR] ./components/about-section.tsx:70:10
Expected ',', got 'ident'
  68 |       begin together and the column simply runs longer.
  69 |     */}
> 70 |     <div className="grid items-start gap-14 lg:grid-cols-[1.35fr_1fr] lg:gap-20">
     |          ^^^^^^^^^
  71 |       {/*
  72 |         NO `Reveal` WRAPPER ON EITHER COLUMN — the section's anime.js recipe owns
  73 |         both entrances now.

Parsing ecmascript source code failed

Import trace:
  Server Component:
    ./components/about-section.tsx
    ./app/[locale]/page.tsx @ http://localhost:3000/_next/static/chunks/node_modules_next_dist_0u_w_5s._.js:1945
[     386ms] [ERROR] ./components/about-section.tsx:70:10
Expected ',', got 'ident'
  68 |       begin together and the column simply runs longer.
  69 |     */}
> 70 |     <div className="grid items-start gap-14 lg:grid-cols-[1.35fr_1fr] lg:gap-20">
     |          ^^^^^^^^^
  71 |       {/*
  72 |         NO `Reveal` WRAPPER ON EITHER COLUMN — the section's anime.js recipe owns
  73 |         both entrances now.

Parsing ecmascript source code failed

Import trace:
  Server Component:
    ./components/about-section.tsx
    ./app/[locale]/page.tsx @ http://localhost:3000/_next/static/chunks/node_modules_next_dist_0u_w_5s._.js:1945
[     401ms] [LOG] [Fast Refresh] rebuilding @ http://localhost:3000/_next/static/chunks/node_modules_next_dist_0u_w_5s._.js:1226
[     462ms] [ERROR] ./components/about-section.tsx:70:10
Expected ',', got 'ident'
  68 |       begin together and the column simply runs longer.
  69 |     */}
> 70 |     <div className="grid items-start gap-14 lg:grid-cols-[1.35fr_1fr] lg:gap-20">
     |          ^^^^^^^^^
  71 |       {/*
  72 |         NO `Reveal` WRAPPER ON EITHER COLUMN — the section's anime.js recipe owns
  73 |         both entrances now.

Parsing ecmascript source code failed

Import trace:
  Server Component:
    ./components/about-section.tsx
    ./app/[locale]/page.tsx @ http://localhost:3000/_next/static/chunks/node_modules_next_dist_0u_w_5s._.js:1945
[     522ms] [ERROR] ./components/about-section.tsx:70:10
Expected ',', got 'ident'
  68 |       begin together and the column simply runs longer.
  69 |     */}
> 70 |     <div className="grid items-start gap-14 lg:grid-cols-[1.35fr_1fr] lg:gap-20">
     |          ^^^^^^^^^
  71 |       {/*
  72 |         NO `Reveal` WRAPPER ON EITHER COLUMN — the section's anime.js recipe owns
  73 |         both entrances now.

Parsing ecmascript source code failed

Import trace:
  Server Component:
    ./components/about-section.tsx
    ./app/[locale]/page.tsx @ http://localhost:3000/_next/static/chunks/node_modules_next_dist_0u_w_5s._.js:1945
[     584ms] [ERROR] ./components/about-section.tsx:70:10
Expected ',', got 'ident'
  68 |       begin together and the column simply runs longer.
  69 |     */}
> 70 |     <div className="grid items-start gap-14 lg:grid-cols-[1.35fr_1fr] lg:gap-20">
     |          ^^^^^^^^^
  71 |       {/*
  72 |         NO `Reveal` WRAPPER ON EITHER COLUMN — the section's anime.js recipe owns
  73 |         both entrances now.

Parsing ecmascript source code failed

Import trace:
  Server Component:
    ./components/about-section.tsx
    ./app/[locale]/page.tsx @ http://localhost:3000/_next/static/chunks/node_modules_next_dist_0u_w_5s._.js:1945
[     647ms] [ERROR] ./components/about-section.tsx:70:10
Expected ',', got 'ident'
  68 |       begin together and the column simply runs longer.
  69 |     */}
> 70 |     <div className="grid items-start gap-14 lg:grid-cols-[1.35fr_1fr] lg:gap-20">
     |          ^^^^^^^^^
  71 |       {/*
  72 |         NO `Reveal` WRAPPER ON EITHER COLUMN — the section's anime.js recipe owns
  73 |         both entrances now.

Parsing ecmascript source code failed

Import trace:
  Server Component:
    ./components/about-section.tsx
    ./app/[locale]/page.tsx @ http://localhost:3000/_next/static/chunks/node_modules_next_dist_0u_w_5s._.js:1945
[     706ms] [ERROR] ./components/about-section.tsx:70:10
Expected ',', got 'ident'
  68 |       begin together and the column simply runs longer.
  69 |     */}
> 70 |     <div className="grid items-start gap-14 lg:grid-cols-[1.35fr_1fr] lg:gap-20">
     |          ^^^^^^^^^
  71 |       {/*
  72 |         NO `Reveal` WRAPPER ON EITHER COLUMN — the section's anime.js recipe owns
  73 |         both entrances now.

Parsing ecmascript source code failed

Import trace:
  Server Component:
    ./components/about-section.tsx
    ./app/[locale]/page.tsx @ http://localhost:3000/_next/static/chunks/node_modules_next_dist_0u_w_5s._.js:1945
[     767ms] [ERROR] ./components/about-section.tsx:70:10
Expected ',', got 'ident'
  68 |       begin together and the column simply runs longer.
  69 |     */}
> 70 |     <div className="grid items-start gap-14 lg:grid-cols-[1.35fr_1fr] lg:gap-20">
     |          ^^^^^^^^^
  71 |       {/*
  72 |         NO `Reveal` WRAPPER ON EITHER COLUMN — the section's anime.js recipe owns
  73 |         both entrances now.

Parsing ecmascript source code failed

Import trace:
  Server Component:
    ./components/about-section.tsx
    ./app/[locale]/page.tsx @ http://localhost:3000/_next/static/chunks/node_modules_next_dist_0u_w_5s._.js:1945
[     829ms] [ERROR] ./components/about-section.tsx:70:10
Expected ',', got 'ident'
  68 |       begin together and the column simply runs longer.
  69 |     */}
> 70 |     <div className="grid items-start gap-14 lg:grid-cols-[1.35fr_1fr] lg:gap-20">
     |          ^^^^^^^^^
  71 |       {/*
  72 |         NO `Reveal` WRAPPER ON EITHER COLUMN — the section's anime.js recipe owns
  73 |         both entrances now.

Parsing ecmascript source code failed

Import trace:
  Server Component:
    ./components/about-section.tsx
    ./app/[locale]/page.tsx @ http://localhost:3000/_next/static/chunks/node_modules_next_dist_0u_w_5s._.js:1945
[     892ms] [ERROR] ./components/about-section.tsx:70:10
Expected ',', got 'ident'
  68 |       begin together and the column simply runs longer.
  69 |     */}
> 70 |     <div className="grid items-start gap-14 lg:grid-cols-[1.35fr_1fr] lg:gap-20">
     |          ^^^^^^^^^
  71 |       {/*
  72 |         NO `Reveal` WRAPPER ON EITHER COLUMN — the section's anime.js recipe owns
  73 |         both entrances now.

Parsing ecmascript source code failed

Import trace:
  Server Component:
    ./components/about-section.tsx
    ./app/[locale]/page.tsx @ http://localhost:3000/_next/static/chunks/node_modules_next_dist_0u_w_5s._.js:1945
[     954ms] [ERROR] ./components/about-section.tsx:70:10
Expected ',', got 'ident'
  68 |       begin together and the column simply runs longer.
  69 |     */}
> 70 |     <div className="grid items-start gap-14 lg:grid-cols-[1.35fr_1fr] lg:gap-20">
     |          ^^^^^^^^^
  71 |       {/*
  72 |         NO `Reveal` WRAPPER ON EITHER COLUMN — the section's anime.js recipe owns
  73 |         both entrances now.

Parsing ecmascript source code failed

Import trace:
  Server Component:
    ./components/about-section.tsx
    ./app/[locale]/page.tsx @ http://localhost:3000/_next/static/chunks/node_modules_next_dist_0u_w_5s._.js:1945
[    1016ms] [ERROR] ./components/about-section.tsx:70:10
Expected ',', got 'ident'
  68 |       begin together and the column simply runs longer.
  69 |     */}
> 70 |     <div className="grid items-start gap-14 lg:grid-cols-[1.35fr_1fr] lg:gap-20">
     |          ^^^^^^^^^
  71 |       {/*
  72 |         NO `Reveal` WRAPPER ON EITHER COLUMN — the section's anime.js recipe owns
  73 |         both entrances now.

Parsing ecmascript source code failed

Import trace:
  Server Component:
    ./components/about-section.tsx
    ./app/[locale]/page.tsx @ http://localhost:3000/_next/static/chunks/node_modules_next_dist_0u_w_5s._.js:1945
[    1077ms] [ERROR] ./components/about-section.tsx:70:10
Expected ',', got 'ident'
  68 |       begin together and the column simply runs longer.
  69 |     */}
> 70 |     <div className="grid items-start gap-14 lg:grid-cols-[1.35fr_1fr] lg:gap-20">
     |          ^^^^^^^^^
  71 |       {/*
  72 |         NO `Reveal` WRAPPER ON EITHER COLUMN — the section's anime.js recipe owns
  73 |         both entrances now.

Parsing ecmascript source code failed

Import trace:
  Server Component:
    ./components/about-section.tsx
    ./app/[locale]/page.tsx @ http://localhost:3000/_next/static/chunks/node_modules_next_dist_0u_w_5s._.js:1945
[    1139ms] [ERROR] ./components/about-section.tsx:70:10
Expected ',', got 'ident'
  68 |       begin together and the column simply runs longer.
  69 |     */}
> 70 |     <div className="grid items-start gap-14 lg:grid-cols-[1.35fr_1fr] lg:gap-20">
     |          ^^^^^^^^^
  71 |       {/*
  72 |         NO `Reveal` WRAPPER ON EITHER COLUMN — the section's anime.js recipe owns
  73 |         both entrances now.

Parsing ecmascript source code failed

Import trace:
  Server Component:
    ./components/about-section.tsx
    ./app/[locale]/page.tsx @ http://localhost:3000/_next/static/chunks/node_modules_next_dist_0u_w_5s._.js:1945
[    1201ms] [ERROR] ./components/about-section.tsx:70:10
Expected ',', got 'ident'
  68 |       begin together and the column simply runs longer.
  69 |     */}
> 70 |     <div className="grid items-start gap-14 lg:grid-cols-[1.35fr_1fr] lg:gap-20">
     |          ^^^^^^^^^
  71 |       {/*
  72 |         NO `Reveal` WRAPPER ON EITHER COLUMN — the section's anime.js recipe owns
  73 |         both entrances now.

Parsing ecmascript source code failed

Import trace:
  Server Component:
    ./components/about-section.tsx
    ./app/[locale]/page.tsx @ http://localhost:3000/_next/static/chunks/node_modules_next_dist_0u_w_5s._.js:1945
[    1262ms] [ERROR] ./components/about-section.tsx:70:10
Expected ',', got 'ident'
  68 |       begin together and the column simply runs longer.
  69 |     */}
> 70 |     <div className="grid items-start gap-14 lg:grid-cols-[1.35fr_1fr] lg:gap-20">
     |          ^^^^^^^^^
  71 |       {/*
  72 |         NO `Reveal` WRAPPER ON EITHER COLUMN — the section's anime.js recipe owns
  73 |         both entrances now.

Parsing ecmascript source code failed

Import trace:
  Server Component:
    ./components/about-section.tsx
    ./app/[locale]/page.tsx @ http://localhost:3000/_next/static/chunks/node_modules_next_dist_0u_w_5s._.js:1945
[    1324ms] [ERROR] ./components/about-section.tsx:70:10
Expected ',', got 'ident'
  68 |       begin together and the column simply runs longer.
  69 |     */}
> 70 |     <div className="grid items-start gap-14 lg:grid-cols-[1.35fr_1fr] lg:gap-20">
     |          ^^^^^^^^^
  71 |       {/*
  72 |         NO `Reveal` WRAPPER ON EITHER COLUMN — the section's anime.js recipe owns
  73 |         both entrances now.

Parsing ecmascript source code failed

Import trace:
  Server Component:
    ./components/about-section.tsx
    ./app/[locale]/page.tsx @ http://localhost:3000/_next/static/chunks/node_modules_next_dist_0u_w_5s._.js:1945
[    1386ms] [ERROR] ./components/about-section.tsx:70:10
Expected ',', got 'ident'
  68 |       begin together and the column simply runs longer.
  69 |     */}
> 70 |     <div className="grid items-start gap-14 lg:grid-cols-[1.35fr_1fr] lg:gap-20">
     |          ^^^^^^^^^
  71 |       {/*
  72 |         NO `Reveal` WRAPPER ON EITHER COLUMN — the section's anime.js recipe owns
  73 |         both entrances now.

Parsing ecmascript source code failed

Import trace:
  Server Component:
    ./components/about-section.tsx
    ./app/[locale]/page.tsx @ http://localhost:3000/_next/static/chunks/node_modules_next_dist_0u_w_5s._.js:1945
[    1448ms] [ERROR] ./components/about-section.tsx:70:10
Expected ',', got 'ident'
  68 |       begin together and the column simply runs longer.
  69 |     */}
> 70 |     <div className="grid items-start gap-14 lg:grid-cols-[1.35fr_1fr] lg:gap-20">
     |          ^^^^^^^^^
  71 |       {/*
  72 |         NO `Reveal` WRAPPER ON EITHER COLUMN — the section's anime.js recipe owns
  73 |         both entrances now.

Parsing ecmascript source code failed

Import trace:
  Server Component:
    ./components/about-section.tsx
    ./app/[locale]/page.tsx @ http://localhost:3000/_next/static/chunks/node_modules_next_dist_0u_w_5s._.js:1945
[    1512ms] [ERROR] ./components/about-section.tsx:70:10
Expected ',', got 'ident'
  68 |       begin together and the column simply runs longer.
  69 |     */}
> 70 |     <div className="grid items-start gap-14 lg:grid-cols-[1.35fr_1fr] lg:gap-20">
     |          ^^^^^^^^^
  71 |       {/*
  72 |         NO `Reveal` WRAPPER ON EITHER COLUMN — the section's anime.js recipe owns
  73 |         both entrances now.

Parsing ecmascript source code failed

Import trace:
  Server Component:
    ./components/about-section.tsx
    ./app/[locale]/page.tsx @ http://localhost:3000/_next/static/chunks/node_modules_next_dist_0u_w_5s._.js:1945
[    1573ms] [ERROR] ./components/about-section.tsx:70:10
Expected ',', got 'ident'
  68 |       begin together and the column simply runs longer.
  69 |     */}
> 70 |     <div className="grid items-start gap-14 lg:grid-cols-[1.35fr_1fr] lg:gap-20">
     |          ^^^^^^^^^
  71 |       {/*
  72 |         NO `Reveal` WRAPPER ON EITHER COLUMN — the section's anime.js recipe owns
  73 |         both entrances now.

Parsing ecmascript source code failed

Import trace:
  Server Component:
    ./components/about-section.tsx
    ./app/[locale]/page.tsx @ http://localhost:3000/_next/static/chunks/node_modules_next_dist_0u_w_5s._.js:1945
[    1634ms] [ERROR] ./components/about-section.tsx:70:10
Expected ',', got 'ident'
  68 |       begin together and the column simply runs longer.
  69 |     */}
> 70 |     <div className="grid items-start gap-14 lg:grid-cols-[1.35fr_1fr] lg:gap-20">
     |          ^^^^^^^^^
  71 |       {/*
  72 |         NO `Reveal` WRAPPER ON EITHER COLUMN — the section's anime.js recipe owns
  73 |         both entrances now.

Parsing ecmascript source code failed

Import trace:
  Server Component:
    ./components/about-section.tsx
    ./app/[locale]/page.tsx @ http://localhost:3000/_next/static/chunks/node_modules_next_dist_0u_w_5s._.js:1945
[    1693ms] [ERROR] ./components/about-section.tsx:70:10
Expected ',', got 'ident'
  68 |       begin together and the column simply runs longer.
  69 |     */}
> 70 |     <div className="grid items-start gap-14 lg:grid-cols-[1.35fr_1fr] lg:gap-20">
     |          ^^^^^^^^^
  71 |       {/*
  72 |         NO `Reveal` WRAPPER ON EITHER COLUMN — the section's anime.js recipe owns
  73 |         both entrances now.

Parsing ecmascript source code failed

Import trace:
  Server Component:
    ./components/about-section.tsx
    ./app/[locale]/page.tsx @ http://localhost:3000/_next/static/chunks/node_modules_next_dist_0u_w_5s._.js:1945
[    1754ms] [ERROR] ./components/about-section.tsx:70:10
Expected ',', got 'ident'
  68 |       begin together and the column simply runs longer.
  69 |     */}
> 70 |     <div className="grid items-start gap-14 lg:grid-cols-[1.35fr_1fr] lg:gap-20">
     |          ^^^^^^^^^
  71 |       {/*
  72 |         NO `Reveal` WRAPPER ON EITHER COLUMN — the section's anime.js recipe owns
  73 |         both entrances now.

Parsing ecmascript source code failed

Import trace:
  Server Component:
    ./components/about-section.tsx
    ./app/[locale]/page.tsx @ http://localhost:3000/_next/static/chunks/node_modules_next_dist_0u_w_5s._.js:1945
[    1814ms] [ERROR] ./components/about-section.tsx:70:10
Expected ',', got 'ident'
  68 |       begin together and the column simply runs longer.
  69 |     */}
> 70 |     <div className="grid items-start gap-14 lg:grid-cols-[1.35fr_1fr] lg:gap-20">
     |          ^^^^^^^^^
  71 |       {/*
  72 |         NO `Reveal` WRAPPER ON EITHER COLUMN — the section's anime.js recipe owns
  73 |         both entrances now.

Parsing ecmascript source code failed

Import trace:
  Server Component:
    ./components/about-section.tsx
    ./app/[locale]/page.tsx @ http://localhost:3000/_next/static/chunks/node_modules_next_dist_0u_w_5s._.js:1945
[    1875ms] [ERROR] ./components/about-section.tsx:70:10
Expected ',', got 'ident'
  68 |       begin together and the column simply runs longer.
  69 |     */}
> 70 |     <div className="grid items-start gap-14 lg:grid-cols-[1.35fr_1fr] lg:gap-20">
     |          ^^^^^^^^^
  71 |       {/*
  72 |         NO `Reveal` WRAPPER ON EITHER COLUMN — the section's anime.js recipe owns
  73 |         both entrances now.

Parsing ecmascript source code failed

Import trace:
  Server Component:
    ./components/about-section.tsx
    ./app/[locale]/page.tsx @ http://localhost:3000/_next/static/chunks/node_modules_next_dist_0u_w_5s._.js:1945
[    1936ms] [ERROR] ./components/about-section.tsx:70:10
Expected ',', got 'ident'
  68 |       begin together and the column simply runs longer.
  69 |     */}
> 70 |     <div className="grid items-start gap-14 lg:grid-cols-[1.35fr_1fr] lg:gap-20">
     |          ^^^^^^^^^
  71 |       {/*
  72 |         NO `Reveal` WRAPPER ON EITHER COLUMN — the section's anime.js recipe owns
  73 |         both entrances now.

Parsing ecmascript source code failed

Import trace:
  Server Component:
    ./components/about-section.tsx
    ./app/[locale]/page.tsx @ http://localhost:3000/_next/static/chunks/node_modules_next_dist_0u_w_5s._.js:1945
[    1997ms] [ERROR] ./components/about-section.tsx:70:10
Expected ',', got 'ident'
  68 |       begin together and the column simply runs longer.
  69 |     */}
> 70 |     <div className="grid items-start gap-14 lg:grid-cols-[1.35fr_1fr] lg:gap-20">
     |          ^^^^^^^^^
  71 |       {/*
  72 |         NO `Reveal` WRAPPER ON EITHER COLUMN — the section's anime.js recipe owns
  73 |         both entrances now.

Parsing ecmascript source code failed

Import trace:
  Server Component:
    ./components/about-section.tsx
    ./app/[locale]/page.tsx @ http://localhost:3000/_next/static/chunks/node_modules_next_dist_0u_w_5s._.js:1945
[    2057ms] [ERROR] ./components/about-section.tsx:70:10
Expected ',', got 'ident'
  68 |       begin together and the column simply runs longer.
  69 |     */}
> 70 |     <div className="grid items-start gap-14 lg:grid-cols-[1.35fr_1fr] lg:gap-20">
     |          ^^^^^^^^^
  71 |       {/*
  72 |         NO `Reveal` WRAPPER ON EITHER COLUMN — the section's anime.js recipe owns
  73 |         both entrances now.

Parsing ecmascript source code failed

Import trace:
  Server Component:
    ./components/about-section.tsx
    ./app/[locale]/page.tsx @ http://localhost:3000/_next/static/chunks/node_modules_next_dist_0u_w_5s._.js:1945
[    2118ms] [ERROR] ./components/about-section.tsx:70:10
Expected ',', got 'ident'
  68 |       begin together and the column simply runs longer.
  69 |     */}
> 70 |     <div className="grid items-start gap-14 lg:grid-cols-[1.35fr_1fr] lg:gap-20">
     |          ^^^^^^^^^
  71 |       {/*
  72 |         NO `Reveal` WRAPPER ON EITHER COLUMN — the section's anime.js recipe owns
  73 |         both entrances now.

Parsing ecmascript source code failed

Import trace:
  Server Component:
    ./components/about-section.tsx
    ./app/[locale]/page.tsx @ http://localhost:3000/_next/static/chunks/node_modules_next_dist_0u_w_5s._.js:1945
[    2179ms] [ERROR] ./components/about-section.tsx:70:10
Expected ',', got 'ident'
  68 |       begin together and the column simply runs longer.
  69 |     */}
> 70 |     <div className="grid items-start gap-14 lg:grid-cols-[1.35fr_1fr] lg:gap-20">
     |          ^^^^^^^^^
  71 |       {/*
  72 |         NO `Reveal` WRAPPER ON EITHER COLUMN — the section's anime.js recipe owns
  73 |         both entrances now.

Parsing ecmascript source code failed

Import trace:
  Server Component:
    ./components/about-section.tsx
    ./app/[locale]/page.tsx @ http://localhost:3000/_next/static/chunks/node_modules_next_dist_0u_w_5s._.js:1945
[    2242ms] [ERROR] ./components/about-section.tsx:70:10
Expected ',', got 'ident'
  68 |       begin together and the column simply runs longer.
  69 |     */}
> 70 |     <div className="grid items-start gap-14 lg:grid-cols-[1.35fr_1fr] lg:gap-20">
     |          ^^^^^^^^^
  71 |       {/*
  72 |         NO `Reveal` WRAPPER ON EITHER COLUMN — the section's anime.js recipe owns
  73 |         both entrances now.

Parsing ecmascript source code failed

Import trace:
  Server Component:
    ./components/about-section.tsx
    ./app/[locale]/page.tsx @ http://localhost:3000/_next/static/chunks/node_modules_next_dist_0u_w_5s._.js:1945
[    2302ms] [ERROR] ./components/about-section.tsx:70:10
Expected ',', got 'ident'
  68 |       begin together and the column simply runs longer.
  69 |     */}
> 70 |     <div className="grid items-start gap-14 lg:grid-cols-[1.35fr_1fr] lg:gap-20">
     |          ^^^^^^^^^
  71 |       {/*
  72 |         NO `Reveal` WRAPPER ON EITHER COLUMN — the section's anime.js recipe owns
  73 |         both entrances now.

Parsing ecmascript source code failed

Import trace:
  Server Component:
    ./components/about-section.tsx
    ./app/[locale]/page.tsx @ http://localhost:3000/_next/static/chunks/node_modules_next_dist_0u_w_5s._.js:1945
[    2363ms] [ERROR] ./components/about-section.tsx:70:10
Expected ',', got 'ident'
  68 |       begin together and the column simply runs longer.
  69 |     */}
> 70 |     <div className="grid items-start gap-14 lg:grid-cols-[1.35fr_1fr] lg:gap-20">
     |          ^^^^^^^^^
  71 |       {/*
  72 |         NO `Reveal` WRAPPER ON EITHER COLUMN — the section's anime.js recipe owns
  73 |         both entrances now.

Parsing ecmascript source code failed

Import trace:
  Server Component:
    ./components/about-section.tsx
    ./app/[locale]/page.tsx @ http://localhost:3000/_next/static/chunks/node_modules_next_dist_0u_w_5s._.js:1945
[    2426ms] [ERROR] ./components/about-section.tsx:70:10
Expected ',', got 'ident'
  68 |       begin together and the column simply runs longer.
  69 |     */}
> 70 |     <div className="grid items-start gap-14 lg:grid-cols-[1.35fr_1fr] lg:gap-20">
     |          ^^^^^^^^^
  71 |       {/*
  72 |         NO `Reveal` WRAPPER ON EITHER COLUMN — the section's anime.js recipe owns
  73 |         both entrances now.

Parsing ecmascript source code failed

Import trace:
  Server Component:
    ./components/about-section.tsx
    ./app/[locale]/page.tsx @ http://localhost:3000/_next/static/chunks/node_modules_next_dist_0u_w_5s._.js:1945
[    2488ms] [ERROR] ./components/about-section.tsx:70:10
Expected ',', got 'ident'
  68 |       begin together and the column simply runs longer.
  69 |     */}
> 70 |     <div className="grid items-start gap-14 lg:grid-cols-[1.35fr_1fr] lg:gap-20">
     |          ^^^^^^^^^
  71 |       {/*
  72 |         NO `Reveal` WRAPPER ON EITHER COLUMN — the section's anime.js recipe owns
  73 |         both entrances now.

Parsing ecmascript source code failed

Import trace:
  Server Component:
    ./components/about-section.tsx
    ./app/[locale]/page.tsx @ http://localhost:3000/_next/static/chunks/node_modules_next_dist_0u_w_5s._.js:1945
[    2550ms] [ERROR] ./components/about-section.tsx:70:10
Expected ',', got 'ident'
  68 |       begin together and the column simply runs longer.
  69 |     */}
> 70 |     <div className="grid items-start gap-14 lg:grid-cols-[1.35fr_1fr] lg:gap-20">
     |          ^^^^^^^^^
  71 |       {/*
  72 |         NO `Reveal` WRAPPER ON EITHER COLUMN — the section's anime.js recipe owns
  73 |         both entrances now.

Parsing ecmascript source code failed

Import trace:
  Server Component:
    ./components/about-section.tsx
    ./app/[locale]/page.tsx @ http://localhost:3000/_next/static/chunks/node_modules_next_dist_0u_w_5s._.js:1945
[    2610ms] [ERROR] ./components/about-section.tsx:70:10
Expected ',', got 'ident'
  68 |       begin together and the column simply runs longer.
  69 |     */}
> 70 |     <div className="grid items-start gap-14 lg:grid-cols-[1.35fr_1fr] lg:gap-20">
     |          ^^^^^^^^^
  71 |       {/*
  72 |         NO `Reveal` WRAPPER ON EITHER COLUMN — the section's anime.js recipe owns
  73 |         both entrances now.

Parsing ecmascript source code failed

Import trace:
  Server Component:
    ./components/about-section.tsx
    ./app/[locale]/page.tsx @ http://localhost:3000/_next/static/chunks/node_modules_next_dist_0u_w_5s._.js:1945
[    2672ms] [ERROR] ./components/about-section.tsx:70:10
Expected ',', got 'ident'
  68 |       begin together and the column simply runs longer.
  69 |     */}
> 70 |     <div className="grid items-start gap-14 lg:grid-cols-[1.35fr_1fr] lg:gap-20">
     |          ^^^^^^^^^
  71 |       {/*
  72 |         NO `Reveal` WRAPPER ON EITHER COLUMN — the section's anime.js recipe owns
  73 |         both entrances now.

Parsing ecmascript source code failed

Import trace:
  Server Component:
    ./components/about-section.tsx
    ./app/[locale]/page.tsx @ http://localhost:3000/_next/static/chunks/node_modules_next_dist_0u_w_5s._.js:1945
[    2732ms] [ERROR] ./components/about-section.tsx:70:10
Expected ',', got 'ident'
  68 |       begin together and the column simply runs longer.
  69 |     */}
> 70 |     <div className="grid items-start gap-14 lg:grid-cols-[1.35fr_1fr] lg:gap-20">
     |          ^^^^^^^^^
  71 |       {/*
  72 |         NO `Reveal` WRAPPER ON EITHER COLUMN — the section's anime.js recipe owns
  73 |         both entrances now.

Parsing ecmascript source code failed

Import trace:
  Server Component:
    ./components/about-section.tsx
    ./app/[locale]/page.tsx @ http://localhost:3000/_next/static/chunks/node_modules_next_dist_0u_w_5s._.js:1945
[    2793ms] [ERROR] ./components/about-section.tsx:70:10
Expected ',', got 'ident'
  68 |       begin together and the column simply runs longer.
  69 |     */}
> 70 |     <div className="grid items-start gap-14 lg:grid-cols-[1.35fr_1fr] lg:gap-20">
     |          ^^^^^^^^^
  71 |       {/*
  72 |         NO `Reveal` WRAPPER ON EITHER COLUMN — the section's anime.js recipe owns
  73 |         both entrances now.

Parsing ecmascript source code failed

Import trace:
  Server Component:
    ./components/about-section.tsx
    ./app/[locale]/page.tsx @ http://localhost:3000/_next/static/chunks/node_modules_next_dist_0u_w_5s._.js:1945
[    2853ms] [ERROR] ./components/about-section.tsx:70:10
Expected ',', got 'ident'
  68 |       begin together and the column simply runs longer.
  69 |     */}
> 70 |     <div className="grid items-start gap-14 lg:grid-cols-[1.35fr_1fr] lg:gap-20">
     |          ^^^^^^^^^
  71 |       {/*
  72 |         NO `Reveal` WRAPPER ON EITHER COLUMN — the section's anime.js recipe owns
  73 |         both entrances now.

Parsing ecmascript source code failed

Import trace:
  Server Component:
    ./components/about-section.tsx
    ./app/[locale]/page.tsx @ http://localhost:3000/_next/static/chunks/node_modules_next_dist_0u_w_5s._.js:1945
[    2914ms] [ERROR] ./components/about-section.tsx:70:10
Expected ',', got 'ident'
  68 |       begin together and the column simply runs longer.
  69 |     */}
> 70 |     <div className="grid items-start gap-14 lg:grid-cols-[1.35fr_1fr] lg:gap-20">
     |          ^^^^^^^^^
  71 |       {/*
  72 |         NO `Reveal` WRAPPER ON EITHER COLUMN — the section's anime.js recipe owns
  73 |         both entrances now.

Parsing ecmascript source code failed

Import trace:
  Server Component:
    ./components/about-section.tsx
    ./app/[locale]/page.tsx @ http://localhost:3000/_next/static/chunks/node_modules_next_dist_0u_w_5s._.js:1945
[    2976ms] [ERROR] ./components/about-section.tsx:70:10
Expected ',', got 'ident'
  68 |       begin together and the column simply runs longer.
  69 |     */}
> 70 |     <div className="grid items-start gap-14 lg:grid-cols-[1.35fr_1fr] lg:gap-20">
     |          ^^^^^^^^^
  71 |       {/*
  72 |         NO `Reveal` WRAPPER ON EITHER COLUMN — the section's anime.js recipe owns
  73 |         both entrances now.

Parsing ecmascript source code failed

Import trace:
  Server Component:
    ./components/about-section.tsx
    ./app/[locale]/page.tsx @ http://localhost:3000/_next/static/chunks/node_modules_next_dist_0u_w_5s._.js:1945
[    3037ms] [ERROR] ./components/about-section.tsx:70:10
Expected ',', got 'ident'
  68 |       begin together and the column simply runs longer.
  69 |     */}
> 70 |     <div className="grid items-start gap-14 lg:grid-cols-[1.35fr_1fr] lg:gap-20">
     |          ^^^^^^^^^
  71 |       {/*
  72 |         NO `Reveal` WRAPPER ON EITHER COLUMN — the section's anime.js recipe owns
  73 |         both entrances now.

Parsing ecmascript source code failed

Import trace:
  Server Component:
    ./components/about-section.tsx
    ./app/[locale]/page.tsx @ http://localhost:3000/_next/static/chunks/node_modules_next_dist_0u_w_5s._.js:1945
[    3099ms] [ERROR] ./components/about-section.tsx:70:10
Expected ',', got 'ident'
  68 |       begin together and the column simply runs longer.
  69 |     */}
> 70 |     <div className="grid items-start gap-14 lg:grid-cols-[1.35fr_1fr] lg:gap-20">
     |          ^^^^^^^^^
  71 |       {/*
  72 |         NO `Reveal` WRAPPER ON EITHER COLUMN — the section's anime.js recipe owns
  73 |         both entrances now.

Parsing ecmascript source code failed

Import trace:
  Server Component:
    ./components/about-section.tsx
    ./app/[locale]/page.tsx @ http://localhost:3000/_next/static/chunks/node_modules_next_dist_0u_w_5s._.js:1945
[    3163ms] [ERROR] ./components/about-section.tsx:70:10
Expected ',', got 'ident'
  68 |       begin together and the column simply runs longer.
  69 |     */}
> 70 |     <div className="grid items-start gap-14 lg:grid-cols-[1.35fr_1fr] lg:gap-20">
     |          ^^^^^^^^^
  71 |       {/*
  72 |         NO `Reveal` WRAPPER ON EITHER COLUMN — the section's anime.js recipe owns
  73 |         both entrances now.

Parsing ecmascript source code failed

Import trace:
  Server Component:
    ./components/about-section.tsx
    ./app/[locale]/page.tsx @ http://localhost:3000/_next/static/chunks/node_modules_next_dist_0u_w_5s._.js:1945
[    3224ms] [ERROR] ./components/about-section.tsx:70:10
Expected ',', got 'ident'
  68 |       begin together and the column simply runs longer.
  69 |     */}
> 70 |     <div className="grid items-start gap-14 lg:grid-cols-[1.35fr_1fr] lg:gap-20">
     |          ^^^^^^^^^
  71 |       {/*
  72 |         NO `Reveal` WRAPPER ON EITHER COLUMN — the section's anime.js recipe owns
  73 |         both entrances now.

Parsing ecmascript source code failed

Import trace:
  Server Component:
    ./components/about-section.tsx
    ./app/[locale]/page.tsx @ http://localhost:3000/_next/static/chunks/node_modules_next_dist_0u_w_5s._.js:1945
[    3286ms] [ERROR] ./components/about-section.tsx:70:10
Expected ',', got 'ident'
  68 |       begin together and the column simply runs longer.
  69 |     */}
> 70 |     <div className="grid items-start gap-14 lg:grid-cols-[1.35fr_1fr] lg:gap-20">
     |          ^^^^^^^^^
  71 |       {/*
  72 |         NO `Reveal` WRAPPER ON EITHER COLUMN — the section's anime.js recipe owns
  73 |         both entrances now.

Parsing ecmascript source code failed

Import trace:
  Server Component:
    ./components/about-section.tsx
    ./app/[locale]/page.tsx @ http://localhost:3000/_next/static/chunks/node_modules_next_dist_0u_w_5s._.js:1945
[    3348ms] [ERROR] ./components/about-section.tsx:70:10
Expected ',', got 'ident'
  68 |       begin together and the column simply runs longer.
  69 |     */}
> 70 |     <div className="grid items-start gap-14 lg:grid-cols-[1.35fr_1fr] lg:gap-20">
     |          ^^^^^^^^^
  71 |       {/*
  72 |         NO `Reveal` WRAPPER ON EITHER COLUMN — the section's anime.js recipe owns
  73 |         both entrances now.

Parsing ecmascript source code failed

Import trace:
  Server Component:
    ./components/about-section.tsx
    ./app/[locale]/page.tsx @ http://localhost:3000/_next/static/chunks/node_modules_next_dist_0u_w_5s._.js:1945
[    3410ms] [ERROR] ./components/about-section.tsx:70:10
Expected ',', got 'ident'
  68 |       begin together and the column simply runs longer.
  69 |     */}
> 70 |     <div className="grid items-start gap-14 lg:grid-cols-[1.35fr_1fr] lg:gap-20">
     |          ^^^^^^^^^
  71 |       {/*
  72 |         NO `Reveal` WRAPPER ON EITHER COLUMN — the section's anime.js recipe owns
  73 |         both entrances now.

Parsing ecmascript source code failed

Import trace:
  Server Component:
    ./components/about-section.tsx
    ./app/[locale]/page.tsx @ http://localhost:3000/_next/static/chunks/node_modules_next_dist_0u_w_5s._.js:1945
[    3472ms] [ERROR] ./components/about-section.tsx:70:10
Expected ',', got 'ident'
  68 |       begin together and the column simply runs longer.
  69 |     */}
> 70 |     <div className="grid items-start gap-14 lg:grid-cols-[1.35fr_1fr] lg:gap-20">
     |          ^^^^^^^^^
  71 |       {/*
  72 |         NO `Reveal` WRAPPER ON EITHER COLUMN — the section's anime.js recipe owns
  73 |         both entrances now.

Parsing ecmascript source code failed

Import trace:
  Server Component:
    ./components/about-section.tsx
    ./app/[locale]/page.tsx @ http://localhost:3000/_next/static/chunks/node_modules_next_dist_0u_w_5s._.js:1945
[    3534ms] [ERROR] ./components/about-section.tsx:70:10
Expected ',', got 'ident'
  68 |       begin together and the column simply runs longer.
  69 |     */}
> 70 |     <div className="grid items-start gap-14 lg:grid-cols-[1.35fr_1fr] lg:gap-20">
     |          ^^^^^^^^^
  71 |       {/*
  72 |         NO `Reveal` WRAPPER ON EITHER COLUMN — the section's anime.js recipe owns
  73 |         both entrances now.

Parsing ecmascript source code failed

Import trace:
  Server Component:
    ./components/about-section.tsx
    ./app/[locale]/page.tsx @ http://localhost:3000/_next/static/chunks/node_modules_next_dist_0u_w_5s._.js:1945
[    3596ms] [ERROR] ./components/about-section.tsx:70:10
Expected ',', got 'ident'
  68 |       begin together and the column simply runs longer.
  69 |     */}
> 70 |     <div className="grid items-start gap-14 lg:grid-cols-[1.35fr_1fr] lg:gap-20">
     |          ^^^^^^^^^
  71 |       {/*
  72 |         NO `Reveal` WRAPPER ON EITHER COLUMN — the section's anime.js recipe owns
  73 |         both entrances now.

Parsing ecmascript source code failed

Import trace:
  Server Component:
    ./components/about-section.tsx
    ./app/[locale]/page.tsx @ http://localhost:3000/_next/static/chunks/node_modules_next_dist_0u_w_5s._.js:1945
[    3655ms] [ERROR] ./components/about-section.tsx:70:10
Expected ',', got 'ident'
  68 |       begin together and the column simply runs longer.
  69 |     */}
> 70 |     <div className="grid items-start gap-14 lg:grid-cols-[1.35fr_1fr] lg:gap-20">
     |          ^^^^^^^^^
  71 |       {/*
  72 |         NO `Reveal` WRAPPER ON EITHER COLUMN — the section's anime.js recipe owns
  73 |         both entrances now.

Parsing ecmascript source code failed

Import trace:
  Server Component:
    ./components/about-section.tsx
    ./app/[locale]/page.tsx @ http://localhost:3000/_next/static/chunks/node_modules_next_dist_0u_w_5s._.js:1945
[    3716ms] [ERROR] ./components/about-section.tsx:70:10
Expected ',', got 'ident'
  68 |       begin together and the column simply runs longer.
  69 |     */}
> 70 |     <div className="grid items-start gap-14 lg:grid-cols-[1.35fr_1fr] lg:gap-20">
     |          ^^^^^^^^^
  71 |       {/*
  72 |         NO `Reveal` WRAPPER ON EITHER COLUMN — the section's anime.js recipe owns
  73 |         both entrances now.

Parsing ecmascript source code failed

Import trace:
  Server Component:
    ./components/about-section.tsx
    ./app/[locale]/page.tsx @ http://localhost:3000/_next/static/chunks/node_modules_next_dist_0u_w_5s._.js:1945
[    3778ms] [ERROR] ./components/about-section.tsx:70:10
Expected ',', got 'ident'
  68 |       begin together and the column simply runs longer.
  69 |     */}
> 70 |     <div className="grid items-start gap-14 lg:grid-cols-[1.35fr_1fr] lg:gap-20">
     |          ^^^^^^^^^
  71 |       {/*
  72 |         NO `Reveal` WRAPPER ON EITHER COLUMN — the section's anime.js recipe owns
  73 |         both entrances now.

Parsing ecmascript source code failed

Import trace:
  Server Component:
    ./components/about-section.tsx
    ./app/[locale]/page.tsx @ http://localhost:3000/_next/static/chunks/node_modules_next_dist_0u_w_5s._.js:1945
[    3840ms] [ERROR] ./components/about-section.tsx:70:10
Expected ',', got 'ident'
  68 |       begin together and the column simply runs longer.
  69 |     */}
> 70 |     <div className="grid items-start gap-14 lg:grid-cols-[1.35fr_1fr] lg:gap-20">
     |          ^^^^^^^^^
  71 |       {/*
  72 |         NO `Reveal` WRAPPER ON EITHER COLUMN — the section's anime.js recipe owns
  73 |         both entrances now.

Parsing ecmascript source code failed

Import trace:
  Server Component:
    ./components/about-section.tsx
    ./app/[locale]/page.tsx @ http://localhost:3000/_next/static/chunks/node_modules_next_dist_0u_w_5s._.js:1945
[    3901ms] [ERROR] ./components/about-section.tsx:70:10
Expected ',', got 'ident'
  68 |       begin together and the column simply runs longer.
  69 |     */}
> 70 |     <div className="grid items-start gap-14 lg:grid-cols-[1.35fr_1fr] lg:gap-20">
     |          ^^^^^^^^^
  71 |       {/*
  72 |         NO `Reveal` WRAPPER ON EITHER COLUMN — the section's anime.js recipe owns
  73 |         both entrances now.

Parsing ecmascript source code failed

Import trace:
  Server Component:
    ./components/about-section.tsx
    ./app/[locale]/page.tsx @ http://localhost:3000/_next/static/chunks/node_modules_next_dist_0u_w_5s._.js:1945
[    3963ms] [ERROR] ./components/about-section.tsx:70:10
Expected ',', got 'ident'
  68 |       begin together and the column simply runs longer.
  69 |     */}
> 70 |     <div className="grid items-start gap-14 lg:grid-cols-[1.35fr_1fr] lg:gap-20">
     |          ^^^^^^^^^
  71 |       {/*
  72 |         NO `Reveal` WRAPPER ON EITHER COLUMN — the section's anime.js recipe owns
  73 |         both entrances now.

Parsing ecmascript source code failed

Import trace:
  Server Component:
    ./components/about-section.tsx
    ./app/[locale]/page.tsx @ http://localhost:3000/_next/static/chunks/node_modules_next_dist_0u_w_5s._.js:1945
[    4025ms] [ERROR] ./components/about-section.tsx:70:10
Expected ',', got 'ident'
  68 |       begin together and the column simply runs longer.
  69 |     */}
> 70 |     <div className="grid items-start gap-14 lg:grid-cols-[1.35fr_1fr] lg:gap-20">
     |          ^^^^^^^^^
  71 |       {/*
  72 |         NO `Reveal` WRAPPER ON EITHER COLUMN — the section's anime.js recipe owns
  73 |         both entrances now.

Parsing ecmascript source code failed

Import trace:
  Server Component:
    ./components/about-section.tsx
    ./app/[locale]/page.tsx @ http://localhost:3000/_next/static/chunks/node_modules_next_dist_0u_w_5s._.js:1945
[    4086ms] [ERROR] ./components/about-section.tsx:70:10
Expected ',', got 'ident'
  68 |       begin together and the column simply runs longer.
  69 |     */}
> 70 |     <div className="grid items-start gap-14 lg:grid-cols-[1.35fr_1fr] lg:gap-20">
     |          ^^^^^^^^^
  71 |       {/*
  72 |         NO `Reveal` WRAPPER ON EITHER COLUMN — the section's anime.js recipe owns
  73 |         both entrances now.

Parsing ecmascript source code failed

Import trace:
  Server Component:
    ./components/about-section.tsx
    ./app/[locale]/page.tsx @ http://localhost:3000/_next/static/chunks/node_modules_next_dist_0u_w_5s._.js:1945
[    4148ms] [ERROR] ./components/about-section.tsx:70:10
Expected ',', got 'ident'
  68 |       begin together and the column simply runs longer.
  69 |     */}
> 70 |     <div className="grid items-start gap-14 lg:grid-cols-[1.35fr_1fr] lg:gap-20">
     |          ^^^^^^^^^
  71 |       {/*
  72 |         NO `Reveal` WRAPPER ON EITHER COLUMN — the section's anime.js recipe owns
  73 |         both entrances now.

Parsing ecmascript source code failed

Import trace:
  Server Component:
    ./components/about-section.tsx
    ./app/[locale]/page.tsx @ http://localhost:3000/_next/static/chunks/node_modules_next_dist_0u_w_5s._.js:1945
[    4211ms] [ERROR] ./components/about-section.tsx:70:10
Expected ',', got 'ident'
  68 |       begin together and the column simply runs longer.
  69 |     */}
> 70 |     <div className="grid items-start gap-14 lg:grid-cols-[1.35fr_1fr] lg:gap-20">
     |          ^^^^^^^^^
  71 |       {/*
  72 |         NO `Reveal` WRAPPER ON EITHER COLUMN — the section's anime.js recipe owns
  73 |         both entrances now.

Parsing ecmascript source code failed

Import trace:
  Server Component:
    ./components/about-section.tsx
    ./app/[locale]/page.tsx @ http://localhost:3000/_next/static/chunks/node_modules_next_dist_0u_w_5s._.js:1945
[    4272ms] [ERROR] ./components/about-section.tsx:70:10
Expected ',', got 'ident'
  68 |       begin together and the column simply runs longer.
  69 |     */}
> 70 |     <div className="grid items-start gap-14 lg:grid-cols-[1.35fr_1fr] lg:gap-20">
     |          ^^^^^^^^^
  71 |       {/*
  72 |         NO `Reveal` WRAPPER ON EITHER COLUMN — the section's anime.js recipe owns
  73 |         both entrances now.

Parsing ecmascript source code failed

Import trace:
  Server Component:
    ./components/about-section.tsx
    ./app/[locale]/page.tsx @ http://localhost:3000/_next/static/chunks/node_modules_next_dist_0u_w_5s._.js:1945
[    4333ms] [ERROR] ./components/about-section.tsx:70:10
Expected ',', got 'ident'
  68 |       begin together and the column simply runs longer.
  69 |     */}
> 70 |     <div className="grid items-start gap-14 lg:grid-cols-[1.35fr_1fr] lg:gap-20">
     |          ^^^^^^^^^
  71 |       {/*
  72 |         NO `Reveal` WRAPPER ON EITHER COLUMN — the section's anime.js recipe owns
  73 |         both entrances now.

Parsing ecmascript source code failed

Import trace:
  Server Component:
    ./components/about-section.tsx
    ./app/[locale]/page.tsx @ http://localhost:3000/_next/static/chunks/node_modules_next_dist_0u_w_5s._.js:1945
[    4393ms] [ERROR] ./components/about-section.tsx:70:10
Expected ',', got 'ident'
  68 |       begin together and the column simply runs longer.
  69 |     */}
> 70 |     <div className="grid items-start gap-14 lg:grid-cols-[1.35fr_1fr] lg:gap-20">
     |          ^^^^^^^^^
  71 |       {/*
  72 |         NO `Reveal` WRAPPER ON EITHER COLUMN — the section's anime.js recipe owns
  73 |         both entrances now.

Parsing ecmascript source code failed

Import trace:
  Server Component:
    ./components/about-section.tsx
    ./app/[locale]/page.tsx @ http://localhost:3000/_next/static/chunks/node_modules_next_dist_0u_w_5s._.js:1945
[    4454ms] [ERROR] ./components/about-section.tsx:70:10
Expected ',', got 'ident'
  68 |       begin together and the column simply runs longer.
  69 |     */}
> 70 |     <div className="grid items-start gap-14 lg:grid-cols-[1.35fr_1fr] lg:gap-20">
     |          ^^^^^^^^^
  71 |       {/*
  72 |         NO `Reveal` WRAPPER ON EITHER COLUMN — the section's anime.js recipe owns
  73 |         both entrances now.

Parsing ecmascript source code failed

Import trace:
  Server Component:
    ./components/about-section.tsx
    ./app/[locale]/page.tsx @ http://localhost:3000/_next/static/chunks/node_modules_next_dist_0u_w_5s._.js:1945
[    4516ms] [ERROR] ./components/about-section.tsx:70:10
Expected ',', got 'ident'
  68 |       begin together and the column simply runs longer.
  69 |     */}
> 70 |     <div className="grid items-start gap-14 lg:grid-cols-[1.35fr_1fr] lg:gap-20">
     |          ^^^^^^^^^
  71 |       {/*
  72 |         NO `Reveal` WRAPPER ON EITHER COLUMN — the section's anime.js recipe owns
  73 |         both entrances now.

Parsing ecmascript source code failed

Import trace:
  Server Component:
    ./components/about-section.tsx
    ./app/[locale]/page.tsx @ http://localhost:3000/_next/static/chunks/node_modules_next_dist_0u_w_5s._.js:1945
[    4577ms] [ERROR] ./components/about-section.tsx:70:10
Expected ',', got 'ident'
  68 |       begin together and the column simply runs longer.
  69 |     */}
> 70 |     <div className="grid items-start gap-14 lg:grid-cols-[1.35fr_1fr] lg:gap-20">
     |          ^^^^^^^^^
  71 |       {/*
  72 |         NO `Reveal` WRAPPER ON EITHER COLUMN — the section's anime.js recipe owns
  73 |         both entrances now.

Parsing ecmascript source code failed

Import trace:
  Server Component:
    ./components/about-section.tsx
    ./app/[locale]/page.tsx @ http://localhost:3000/_next/static/chunks/node_modules_next_dist_0u_w_5s._.js:1945
[    4638ms] [ERROR] ./components/about-section.tsx:70:10
Expected ',', got 'ident'
  68 |       begin together and the column simply runs longer.
  69 |     */}
> 70 |     <div className="grid items-start gap-14 lg:grid-cols-[1.35fr_1fr] lg:gap-20">
     |          ^^^^^^^^^
  71 |       {/*
  72 |         NO `Reveal` WRAPPER ON EITHER COLUMN — the section's anime.js recipe owns
  73 |         both entrances now.

Parsing ecmascript source code failed

Import trace:
  Server Component:
    ./components/about-section.tsx
    ./app/[locale]/page.tsx @ http://localhost:3000/_next/static/chunks/node_modules_next_dist_0u_w_5s._.js:1945
[    4700ms] [ERROR] ./components/about-section.tsx:70:10
Expected ',', got 'ident'
  68 |       begin together and the column simply runs longer.
  69 |     */}
> 70 |     <div className="grid items-start gap-14 lg:grid-cols-[1.35fr_1fr] lg:gap-20">
     |          ^^^^^^^^^
  71 |       {/*
  72 |         NO `Reveal` WRAPPER ON EITHER COLUMN — the section's anime.js recipe owns
  73 |         both entrances now.

Parsing ecmascript source code failed

Import trace:
  Server Component:
    ./components/about-section.tsx
    ./app/[locale]/page.tsx @ http://localhost:3000/_next/static/chunks/node_modules_next_dist_0u_w_5s._.js:1945
[    4763ms] [ERROR] ./components/about-section.tsx:70:10
Expected ',', got 'ident'
  68 |       begin together and the column simply runs longer.
  69 |     */}
> 70 |     <div className="grid items-start gap-14 lg:grid-cols-[1.35fr_1fr] lg:gap-20">
     |          ^^^^^^^^^
  71 |       {/*
  72 |         NO `Reveal` WRAPPER ON EITHER COLUMN — the section's anime.js recipe owns
  73 |         both entrances now.

Parsing ecmascript source code failed

Import trace:
  Server Component:
    ./components/about-section.tsx
    ./app/[locale]/page.tsx @ http://localhost:3000/_next/static/chunks/node_modules_next_dist_0u_w_5s._.js:1945
[    4824ms] [ERROR] ./components/about-section.tsx:70:10
Expected ',', got 'ident'
  68 |       begin together and the column simply runs longer.
  69 |     */}
> 70 |     <div className="grid items-start gap-14 lg:grid-cols-[1.35fr_1fr] lg:gap-20">
     |          ^^^^^^^^^
  71 |       {/*
  72 |         NO `Reveal` WRAPPER ON EITHER COLUMN — the section's anime.js recipe owns
  73 |         both entrances now.

Parsing ecmascript source code failed

Import trace:
  Server Component:
    ./components/about-section.tsx
    ./app/[locale]/page.tsx @ http://localhost:3000/_next/static/chunks/node_modules_next_dist_0u_w_5s._.js:1945
[    4884ms] [ERROR] ./components/about-section.tsx:70:10
Expected ',', got 'ident'
  68 |       begin together and the column simply runs longer.
  69 |     */}
> 70 |     <div className="grid items-start gap-14 lg:grid-cols-[1.35fr_1fr] lg:gap-20">
     |          ^^^^^^^^^
  71 |       {/*
  72 |         NO `Reveal` WRAPPER ON EITHER COLUMN — the section's anime.js recipe owns
  73 |         both entrances now.

Parsing ecmascript source code failed

Import trace:
  Server Component:
    ./components/about-section.tsx
    ./app/[locale]/page.tsx @ http://localhost:3000/_next/static/chunks/node_modules_next_dist_0u_w_5s._.js:1945
[    4944ms] [ERROR] ./components/about-section.tsx:70:10
Expected ',', got 'ident'
  68 |       begin together and the column simply runs longer.
  69 |     */}
> 70 |     <div className="grid items-start gap-14 lg:grid-cols-[1.35fr_1fr] lg:gap-20">
     |          ^^^^^^^^^
  71 |       {/*
  72 |         NO `Reveal` WRAPPER ON EITHER COLUMN — the section's anime.js recipe owns
  73 |         both entrances now.

Parsing ecmascript source code failed

Import trace:
  Server Component:
    ./components/about-section.tsx
    ./app/[locale]/page.tsx @ http://localhost:3000/_next/static/chunks/node_modules_next_dist_0u_w_5s._.js:1945
[    5007ms] [ERROR] ./components/about-section.tsx:70:10
Expected ',', got 'ident'
  68 |       begin together and the column simply runs longer.
  69 |     */}
> 70 |     <div className="grid items-start gap-14 lg:grid-cols-[1.35fr_1fr] lg:gap-20">
     |          ^^^^^^^^^
  71 |       {/*
  72 |         NO `Reveal` WRAPPER ON EITHER COLUMN — the section's anime.js recipe owns
  73 |         both entrances now.

Parsing ecmascript source code failed

Import trace:
  Server Component:
    ./components/about-section.tsx
    ./app/[locale]/page.tsx @ http://localhost:3000/_next/static/chunks/node_modules_next_dist_0u_w_5s._.js:1945
[    5068ms] [ERROR] ./components/about-section.tsx:70:10
Expected ',', got 'ident'
  68 |       begin together and the column simply runs longer.
  69 |     */}
> 70 |     <div className="grid items-start gap-14 lg:grid-cols-[1.35fr_1fr] lg:gap-20">
     |          ^^^^^^^^^
  71 |       {/*
  72 |         NO `Reveal` WRAPPER ON EITHER COLUMN — the section's anime.js recipe owns
  73 |         both entrances now.

Parsing ecmascript source code failed

Import trace:
  Server Component:
    ./components/about-section.tsx
    ./app/[locale]/page.tsx @ http://localhost:3000/_next/static/chunks/node_modules_next_dist_0u_w_5s._.js:1945
[    5129ms] [ERROR] ./components/about-section.tsx:70:10
Expected ',', got 'ident'
  68 |       begin together and the column simply runs longer.
  69 |     */}
> 70 |     <div className="grid items-start gap-14 lg:grid-cols-[1.35fr_1fr] lg:gap-20">
     |          ^^^^^^^^^
  71 |       {/*
  72 |         NO `Reveal` WRAPPER ON EITHER COLUMN — the section's anime.js recipe owns
  73 |         both entrances now.

Parsing ecmascript source code failed

Import trace:
  Server Component:
    ./components/about-section.tsx
    ./app/[locale]/page.tsx @ http://localhost:3000/_next/static/chunks/node_modules_next_dist_0u_w_5s._.js:1945
[    5191ms] [ERROR] ./components/about-section.tsx:70:10
Expected ',', got 'ident'
  68 |       begin together and the column simply runs longer.
  69 |     */}
> 70 |     <div className="grid items-start gap-14 lg:grid-cols-[1.35fr_1fr] lg:gap-20">
     |          ^^^^^^^^^
  71 |       {/*
  72 |         NO `Reveal` WRAPPER ON EITHER COLUMN — the section's anime.js recipe owns
  73 |         both entrances now.

Parsing ecmascript source code failed

Import trace:
  Server Component:
    ./components/about-section.tsx
    ./app/[locale]/page.tsx @ http://localhost:3000/_next/static/chunks/node_modules_next_dist_0u_w_5s._.js:1945
[    5251ms] [ERROR] ./components/about-section.tsx:70:10
Expected ',', got 'ident'
  68 |       begin together and the column simply runs longer.
  69 |     */}
> 70 |     <div className="grid items-start gap-14 lg:grid-cols-[1.35fr_1fr] lg:gap-20">
     |          ^^^^^^^^^
  71 |       {/*
  72 |         NO `Reveal` WRAPPER ON EITHER COLUMN — the section's anime.js recipe owns
  73 |         both entrances now.

Parsing ecmascript source code failed

Import trace:
  Server Component:
    ./components/about-section.tsx
    ./app/[locale]/page.tsx @ http://localhost:3000/_next/static/chunks/node_modules_next_dist_0u_w_5s._.js:1945
[    5313ms] [ERROR] ./components/about-section.tsx:70:10
Expected ',', got 'ident'
  68 |       begin together and the column simply runs longer.
  69 |     */}
> 70 |     <div className="grid items-start gap-14 lg:grid-cols-[1.35fr_1fr] lg:gap-20">
     |          ^^^^^^^^^
  71 |       {/*
  72 |         NO `Reveal` WRAPPER ON EITHER COLUMN — the section's anime.js recipe owns
  73 |         both entrances now.

Parsing ecmascript source code failed

Import trace:
  Server Component:
    ./components/about-section.tsx
    ./app/[locale]/page.tsx @ http://localhost:3000/_next/static/chunks/node_modules_next_dist_0u_w_5s._.js:1945
[    5372ms] [ERROR] ./components/about-section.tsx:70:10
Expected ',', got 'ident'
  68 |       begin together and the column simply runs longer.
  69 |     */}
> 70 |     <div className="grid items-start gap-14 lg:grid-cols-[1.35fr_1fr] lg:gap-20">
     |          ^^^^^^^^^
  71 |       {/*
  72 |         NO `Reveal` WRAPPER ON EITHER COLUMN — the section's anime.js recipe owns
  73 |         both entrances now.

Parsing ecmascript source code failed

Import trace:
  Server Component:
    ./components/about-section.tsx
    ./app/[locale]/page.tsx @ http://localhost:3000/_next/static/chunks/node_modules_next_dist_0u_w_5s._.js:1945
[    5434ms] [ERROR] ./components/about-section.tsx:70:10
Expected ',', got 'ident'
  68 |       begin together and the column simply runs longer.
  69 |     */}
> 70 |     <div className="grid items-start gap-14 lg:grid-cols-[1.35fr_1fr] lg:gap-20">
     |          ^^^^^^^^^
  71 |       {/*
  72 |         NO `Reveal` WRAPPER ON EITHER COLUMN — the section's anime.js recipe owns
  73 |         both entrances now.

Parsing ecmascript source code failed

Import trace:
  Server Component:
    ./components/about-section.tsx
    ./app/[locale]/page.tsx @ http://localhost:3000/_next/static/chunks/node_modules_next_dist_0u_w_5s._.js:1945
