[     359ms] [INFO] %cDownload the React DevTools for a better development experience: https://react.dev/link/react-devtools font-weight:bold @ http://localhost:3000/_next/static/chunks/node_modules_next_dist_115brz8._.js:2477
[     438ms] [LOG] [HMR] connected @ http://localhost:3000/_next/static/chunks/node_modules_next_dist_115brz8._.js:2477
[     630ms] Error: Target ref is defined but not hydrated. For more information and steps for solving, visit https://motion.dev/troubleshooting/use-scroll-ref
    at invariant (http://localhost:3000/_next/static/chunks/node_modules_12jqi3u._.js:74:19)
    at useScroll.useEffect.tryStart (http://localhost:3000/_next/static/chunks/node_modules_framer-motion_dist_es_0uqsm6k._.js:5534:194)
    at triggerCallback (http://localhost:3000/_next/static/chunks/node_modules_motion-dom_dist_es_0pwnp-x._.js:120:9)
    at Set.forEach (<anonymous>)
    at Object.process (http://localhost:3000/_next/static/chunks/node_modules_motion-dom_dist_es_0pwnp-x._.js:156:23)
    at processBatch (http://localhost:3000/_next/static/chunks/node_modules_motion-dom_dist_es_0pwnp-x._.js:210:14)
[     634ms] [LOG] [Fast Refresh] rebuilding @ http://localhost:3000/_next/static/chunks/node_modules_next_dist_115brz8._.js:2477
[     634ms] [LOG] [Fast Refresh] done in 105ms @ http://localhost:3000/_next/static/chunks/node_modules_next_dist_115brz8._.js:2477
[     643ms] [ERROR] React has detected a change in the order of Hooks called by %s. This will lead to bugs and errors if not fixed. For more information, read the Rules of Hooks: https://react.dev/link/rules-of-hooks

   Previous render            Next render
   ------------------------------------------------------
%s   ^^^^^^^^^^^^^^^^^^^^^^^^^^^^^^^^^^^^^^^^^^^^^^^^^^^^^^
 LedgerRail 1. useState                   useState
2. useState                   useState
3. useEffect                  useEffect
4. useRef                     useRef
5. useRef                     useRef
6. useRef                     useRef
7. useRef                     useRef
8. useCallback                useCallback
9. useLayoutEffect            useLayoutEffect
10. useEffect                 useEffect
11. useContext                useContext
12. useRef                    useRef
13. useContext                useContext
14. useInsertionEffect        useInsertionEffect
15. useRef                    useRef
16. useContext                useContext
17. useInsertionEffect        useInsertionEffect
18. useRef                    useRef
19. useRef                    useRef
20. useContext                useContext
21. useLayoutEffect           useLayoutEffect
22. useRef                    useRef
23. useRef                    useRef
24. useContext                useContext
25. useLayoutEffect           useLayoutEffect
26. undefined                 useRef
 @ http://localhost:3000/_next/static/chunks/node_modules_next_dist_115brz8._.js:3318
[     657ms] [ERROR] %o

%s Error: Rendered more hooks than during the previous render.
    at updateWorkInProgressHook (http://localhost:3000/_next/static/chunks/node_modules_next_dist_compiled_react-dom_058-ah~._.js:4734:23)
    at Object.useRef (http://localhost:3000/_next/static/chunks/node_modules_next_dist_compiled_react-dom_058-ah~._.js:15484:20)
    at exports.useRef (http://localhost:3000/_next/static/chunks/node_modules_next_dist_compiled_0rpq4pf._.js:1751:36)
    at useConstant (http://localhost:3000/_next/static/chunks/node_modules_framer-motion_dist_es_0uqsm6k._.js:751:189)
    at useListTransform (http://localhost:3000/_next/static/chunks/node_modules_framer-motion_dist_es_0uqsm6k._.js:5732:214)
    at useTransform (http://localhost:3000/_next/static/chunks/node_modules_framer-motion_dist_es_0uqsm6k._.js:5712:43)
    at LedgerRail (http://localhost:3000/_next/static/chunks/_0bz9o4x._.js:3811:229)
    at Object.react_stack_bottom_frame (http://localhost:3000/_next/static/chunks/node_modules_next_dist_compiled_react-dom_058-ah~._.js:15037:24)
    at renderWithHooks (http://localhost:3000/_next/static/chunks/node_modules_next_dist_compiled_react-dom_058-ah~._.js:4620:24)
    at updateFunctionComponent (http://localhost:3000/_next/static/chunks/node_modules_next_dist_compiled_react-dom_058-ah~._.js:6081:21)
    at beginWork (http://localhost:3000/_next/static/chunks/node_modules_next_dist_compiled_react-dom_058-ah~._.js:6691:24)
    at runWithFiberInDEV (http://localhost:3000/_next/static/chunks/node_modules_next_dist_compiled_react-dom_058-ah~._.js:965:74)
    at performUnitOfWork (http://localhost:3000/_next/static/chunks/node_modules_next_dist_compiled_react-dom_058-ah~._.js:9555:97)
    at workLoopSync (http://localhost:3000/_next/static/chunks/node_modules_next_dist_compiled_react-dom_058-ah~._.js:9449:40)
    at renderRootSync (http://localhost:3000/_next/static/chunks/node_modules_next_dist_compiled_react-dom_058-ah~._.js:9433:13)
    at performWorkOnRoot (http://localhost:3000/_next/static/chunks/node_modules_next_dist_compiled_react-dom_058-ah~._.js:9098:47)
    at performWorkOnRootViaSchedulerTask (http://localhost:3000/_next/static/chunks/node_modules_next_dist_compiled_react-dom_058-ah~._.js:10255:9)
    at MessagePort.performWorkUntilDeadline (http://localhost:3000/_next/static/chunks/node_modules_next_dist_compiled_0rpq4pf._.js:2647:64) The above error occurred in the <LedgerRail> component. It was handled by the <ErrorBoundaryHandler> error boundary. @ http://localhost:3000/_next/static/chunks/node_modules_next_dist_client_0fhqo1d._.js:1998
[     661ms] [ERROR] [error] Rendered more hooks than during the previous render. @ http://localhost:3000/_next/static/chunks/node_modules_next_dist_115brz8._.js:3318
[     661ms] [ERROR] [error] Rendered more hooks than during the previous render. @ http://localhost:3000/_next/static/chunks/node_modules_next_dist_115brz8._.js:3318
[   34577ms] [LOG] [Fast Refresh] rebuilding @ http://localhost:3000/_next/static/chunks/node_modules_next_dist_115brz8._.js:2477
[   34631ms] [LOG] [Fast Refresh] done in 112ms @ http://localhost:3000/_next/static/chunks/node_modules_next_dist_115brz8._.js:2477
[   34739ms] [LOG] [Fast Refresh] rebuilding @ http://localhost:3000/_next/static/chunks/node_modules_next_dist_115brz8._.js:2477
[   34984ms] [LOG] [Fast Refresh] done in 345ms @ http://localhost:3000/_next/static/chunks/node_modules_next_dist_115brz8._.js:2477
